Archive member included to satisfy reference by file (symbol)

d:/gnuarm~1/102021~1.10/bin/../lib/gcc/arm-none-eabi/10.3.1/../../../../arm-none-eabi/lib/thumb/v7e-m+fp/hard\libc_nano.a(lib_a-exit.o)
                              d:/gnuarm~1/102021~1.10/bin/../lib/gcc/arm-none-eabi/10.3.1/../../../../arm-none-eabi/lib/thumb/v7e-m+fp/hard/crt0.o (exit)
d:/gnuarm~1/102021~1.10/bin/../lib/gcc/arm-none-eabi/10.3.1/../../../../arm-none-eabi/lib/thumb/v7e-m+fp/hard\libc_nano.a(lib_a-impure.o)
                              d:/gnuarm~1/102021~1.10/bin/../lib/gcc/arm-none-eabi/10.3.1/../../../../arm-none-eabi/lib/thumb/v7e-m+fp/hard\libc_nano.a(lib_a-exit.o) (_global_impure_ptr)
d:/gnuarm~1/102021~1.10/bin/../lib/gcc/arm-none-eabi/10.3.1/../../../../arm-none-eabi/lib/thumb/v7e-m+fp/hard\libc_nano.a(lib_a-init.o)
                              d:/gnuarm~1/102021~1.10/bin/../lib/gcc/arm-none-eabi/10.3.1/../../../../arm-none-eabi/lib/thumb/v7e-m+fp/hard/crt0.o (__libc_init_array)
d:/gnuarm~1/102021~1.10/bin/../lib/gcc/arm-none-eabi/10.3.1/../../../../arm-none-eabi/lib/thumb/v7e-m+fp/hard\libc_nano.a(lib_a-memset.o)
                              d:/gnuarm~1/102021~1.10/bin/../lib/gcc/arm-none-eabi/10.3.1/../../../../arm-none-eabi/lib/thumb/v7e-m+fp/hard/crt0.o (memset)
D:/DesktopFile/Competition/RC2025/xbox/xbox_controller/cmake/stm32cubemx/../../Middlewares/ST/ARM/DSP/Lib/libarm_cortexM4lf_math.a(arm_mat_trans_f32.o)
                              CMakeFiles/xbox_controller.dir/Module/Tools/QuaternionEKF.c.obj (arm_mat_trans_f32)
D:/DesktopFile/Competition/RC2025/xbox/xbox_controller/cmake/stm32cubemx/../../Middlewares/ST/ARM/DSP/Lib/libarm_cortexM4lf_math.a(arm_mat_sub_f32.o)
                              CMakeFiles/xbox_controller.dir/Module/Tools/QuaternionEKF.c.obj (arm_mat_sub_f32)
D:/DesktopFile/Competition/RC2025/xbox/xbox_controller/cmake/stm32cubemx/../../Middlewares/ST/ARM/DSP/Lib/libarm_cortexM4lf_math.a(arm_mat_mult_f32.o)
                              CMakeFiles/xbox_controller.dir/Module/Tools/QuaternionEKF.c.obj (arm_mat_mult_f32)
D:/DesktopFile/Competition/RC2025/xbox/xbox_controller/cmake/stm32cubemx/../../Middlewares/ST/ARM/DSP/Lib/libarm_cortexM4lf_math.a(arm_mat_inverse_f32.o)
                              CMakeFiles/xbox_controller.dir/Module/Tools/QuaternionEKF.c.obj (arm_mat_inverse_f32)
D:/DesktopFile/Competition/RC2025/xbox/xbox_controller/cmake/stm32cubemx/../../Middlewares/ST/ARM/DSP/Lib/libarm_cortexM4lf_math.a(arm_mat_init_f32.o)
                              CMakeFiles/xbox_controller.dir/Module/Tools/QuaternionEKF.c.obj (arm_mat_init_f32)
D:/DesktopFile/Competition/RC2025/xbox/xbox_controller/cmake/stm32cubemx/../../Middlewares/ST/ARM/DSP/Lib/libarm_cortexM4lf_math.a(arm_mat_add_f32.o)
                              CMakeFiles/xbox_controller.dir/Module/Tools/QuaternionEKF.c.obj (arm_mat_add_f32)
D:/DesktopFile/Competition/RC2025/xbox/xbox_controller/cmake/stm32cubemx/../../Middlewares/ST/ARM/DSP/Lib/libarm_cortexM4lf_math.a(arm_sin_f32.o)
                              CMakeFiles/xbox_controller.dir/Module/BMI088/Src/ins_task.c.obj (arm_sin_f32)
D:/DesktopFile/Competition/RC2025/xbox/xbox_controller/cmake/stm32cubemx/../../Middlewares/ST/ARM/DSP/Lib/libarm_cortexM4lf_math.a(arm_cos_f32.o)
                              CMakeFiles/xbox_controller.dir/Module/BMI088/Src/ins_task.c.obj (arm_cos_f32)
D:/DesktopFile/Competition/RC2025/xbox/xbox_controller/cmake/stm32cubemx/../../Middlewares/ST/ARM/DSP/Lib/libarm_cortexM4lf_math.a(arm_common_tables.o)
                              D:/DesktopFile/Competition/RC2025/xbox/xbox_controller/cmake/stm32cubemx/../../Middlewares/ST/ARM/DSP/Lib/libarm_cortexM4lf_math.a(arm_sin_f32.o) (sinTable_f32)
d:/gnuarm~1/102021~1.10/bin/../lib/gcc/arm-none-eabi/10.3.1/thumb/v7e-m+fp/hard\libgcc.a(_arm_muldf3.o)
                              CMakeFiles/xbox_controller.dir/Module/UI/UI.c.obj (__aeabi_dmul)
d:/gnuarm~1/102021~1.10/bin/../lib/gcc/arm-none-eabi/10.3.1/thumb/v7e-m+fp/hard\libgcc.a(_arm_addsubdf3.o)
                              CMakeFiles/xbox_controller.dir/Module/UI/UI.c.obj (__aeabi_dsub)
d:/gnuarm~1/102021~1.10/bin/../lib/gcc/arm-none-eabi/10.3.1/thumb/v7e-m+fp/hard\libgcc.a(_arm_fixdfsi.o)
                              CMakeFiles/xbox_controller.dir/Module/UI/UI.c.obj (__aeabi_d2iz)
d:/gnuarm~1/102021~1.10/bin/../lib/gcc/arm-none-eabi/10.3.1/thumb/v7e-m+fp/hard\libgcc.a(_aeabi_uldivmod.o)
                              CMakeFiles/xbox_controller.dir/Drivers/STM32F4xx_HAL_Driver/Src/stm32f4xx_hal_rcc.c.obj (__aeabi_uldivmod)
d:/gnuarm~1/102021~1.10/bin/../lib/gcc/arm-none-eabi/10.3.1/thumb/v7e-m+fp/hard\libgcc.a(_udivmoddi4.o)
                              d:/gnuarm~1/102021~1.10/bin/../lib/gcc/arm-none-eabi/10.3.1/thumb/v7e-m+fp/hard\libgcc.a(_aeabi_uldivmod.o) (__udivmoddi4)
d:/gnuarm~1/102021~1.10/bin/../lib/gcc/arm-none-eabi/10.3.1/thumb/v7e-m+fp/hard\libgcc.a(_dvmd_tls.o)
[...]
Memory Configuration

Name             Origin             Length             Attributes
RAM              0x20000000         0x00020000         xrw
CCMRAM           0x10000000         0x00010000         xrw
FLASH            0x08000000         0x00100000         xr
*default*        0x00000000         0xffffffff

Linker script and memory map

LOAD d:/gnuarm~1/102021~1.10/bin/../lib/gcc/arm-none-eabi/10.3.1/thumb/v7e-m+fp/hard/crti.o
LOAD d:/gnuarm~1/102021~1.10/bin/../lib/gcc/arm-none-eabi/10.3.1/thumb/v7e-m+fp/hard/crtbegin.o
LOAD d:/gnuarm~1/102021~1.10/bin/../lib/gcc/arm-none-eabi/10.3.1/../../../../arm-none-eabi/lib/thumb/v7e-m+fp/hard/crt0.o
START GROUP
LOAD d:/gnuarm~1/102021~1.10/bin/../lib/gcc/arm-none-eabi/10.3.1/../../../../arm-none-eabi/lib/thumb/v7e-m+fp/hard\libc_nano.a
LOAD d:/gnuarm~1/102021~1.10/bin/../lib/gcc/arm-none-eabi/10.3.1/../../../../arm-none-eabi/lib/thumb/v7e-m+fp/hard\libm.a
END GROUP
LOAD CMakeFiles/xbox_controller.dir/App/data_pool.c.obj
LOAD CMakeFiles/xbox_controller.dir/App/xbox.c.obj
LOAD CMakeFiles/xbox_controller.dir/Core/Src/adc.c.obj
LOAD CMakeFiles/xbox_controller.dir/Core/Src/dma.c.obj
LOAD CMakeFiles/xbox_controller.dir/Core/Src/freertos.c.obj
LOAD CMakeFiles/xbox_controller.dir/Core/Src/gpio.c.obj
LOAD CMakeFiles/xbox_controller.dir/Core/Src/main.c.obj
LOAD CMakeFiles/xbox_controller.dir/Core/Src/spi.c.obj
LOAD CMakeFiles/xbox_controller.dir/Core/Src/stm32f4xx_hal_msp.c.obj
LOAD CMakeFiles/xbox_controller.dir/Core/Src/stm32f4xx_hal_timebase_tim.c.obj
LOAD CMakeFiles/xbox_controller.dir/Core/Src/stm32f4xx_it.c.obj
LOAD CMakeFiles/xbox_controller.dir/Core/Src/syscalls.c.obj
LOAD CMakeFiles/xbox_controller.dir/Core/Src/sysmem.c.obj
LOAD CMakeFiles/xbox_controller.dir/Core/Src/system_stm32f4xx.c.obj
LOAD CMakeFiles/xbox_controller.dir/Core/Src/tim.c.obj
LOAD CMakeFiles/xbox_controller.dir/Core/Src/usart.c.obj
LOAD CMakeFiles/xbox_controller.dir/Drivers/STM32F4xx_HAL_Driver/Src/stm32f4xx_hal.c.obj
LOAD CMakeFiles/xbox_controller.dir/Drivers/STM32F4xx_HAL_Driver/Src/stm32f4xx_hal_adc.c.obj
LOAD CMakeFiles/xbox_controller.dir/Drivers/STM32F4xx_HAL_Driver/Src/stm32f4xx_hal_adc_ex.c.obj
LOAD CMakeFiles/xbox_controller.dir/Drivers/STM32F4xx_HAL_Driver/Src/stm32f4xx_hal_cortex.c.obj
LOAD CMakeFiles/xbox_controller.dir/Drivers/STM32F4xx_HAL_Driver/Src/stm32f4xx_hal_dma.c.obj
LOAD CMakeFiles/xbox_controller.dir/Drivers/STM32F4xx_HAL_Driver/Src/stm32f4xx_hal_dma_ex.c.obj
LOAD CMakeFiles/xbox_controller.dir/Drivers/STM32F4xx_HAL_Driver/Src/stm32f4xx_hal_exti.c.obj
LOAD CMakeFiles/xbox_controller.dir/Drivers/STM32F4xx_HAL_Driver/Src/stm32f4xx_hal_flash.c.obj
LOAD CMakeFiles/xbox_controller.dir/Drivers/STM32F4xx_HAL_Driver/Src/stm32f4xx_hal_flash_ex.c.obj
LOAD CMakeFiles/xbox_controller.dir/Drivers/STM32F4xx_HAL_Driver/Src/stm32f4xx_hal_flash_ramfunc.c.obj
LOAD CMakeFiles/xbox_controller.dir/Drivers/STM32F4xx_HAL_Driver/Src/stm32f4xx_hal_gpio.c.obj
LOAD CMakeFiles/xbox_controller.dir/Drivers/STM32F4xx_HAL_Driver/Src/stm32f4xx_hal_pwr.c.obj
LOAD CMakeFiles/xbox_controller.dir/Drivers/STM32F4xx_HAL_Driver/Src/stm32f4xx_hal_pwr_ex.c.obj
LOAD CMakeFiles/xbox_controller.dir/Drivers/STM32F4xx_HAL_Driver/Src/stm32f4xx_hal_rcc.c.obj
LOAD CMakeFiles/xbox_controller.dir/Drivers/STM32F4xx_HAL_Driver/Src/stm32f4xx_hal_rcc_ex.c.obj
LOAD CMakeFiles/xbox_controller.dir/Drivers/STM32F4xx_HAL_Driver/Src/stm32f4xx_hal_spi.c.obj
LOAD CMakeFiles/xbox_controller.dir/Drivers/STM32F4xx_HAL_Driver/Src/stm32f4xx_hal_tim.c.obj
LOAD CMakeFiles/xbox_controller.dir/Drivers/STM32F4xx_HAL_Driver/Src/stm32f4xx_hal_tim_ex.c.obj
LOAD CMakeFiles/xbox_controller.dir/Drivers/STM32F4xx_HAL_Driver/Src/stm32f4xx_hal_uart.c.obj
LOAD CMakeFiles/xbox_controller.dir/Drivers/STM32F4xx_HAL_Driver/Src/stm32f4xx_ll_adc.c.obj
LOAD CMakeFiles/xbox_controller.dir/Middlewares/Third_Party/FreeRTOS/Source/CMSIS_RTOS/cmsis_os.c.obj
LOAD CMakeFiles/xbox_controller.dir/Middlewares/Third_Party/FreeRTOS/Source/croutine.c.obj
LOAD CMakeFiles/xbox_controller.dir/Middlewares/Third_Party/FreeRTOS/Source/event_groups.c.obj
LOAD CMakeFiles/xbox_controller.dir/Middlewares/Third_Party/FreeRTOS/Source/list.c.obj
LOAD CMakeFiles/xbox_controller.dir/Middlewares/Third_Party/FreeRTOS/Source/portable/GCC/ARM_CM4F/port.c.obj
LOAD CMakeFiles/xbox_controller.dir/Middlewares/Third_Party/FreeRTOS/Source/portable/MemMang/heap_4.c.obj
LOAD CMakeFiles/xbox_controller.dir/Middlewares/Third_Party/FreeRTOS/Source/queue.c.obj
LOAD CMakeFiles/xbox_controller.dir/Middlewares/Third_Party/FreeRTOS/Source/stream_buffer.c.obj
LOAD CMakeFiles/xbox_controller.dir/Middlewares/Third_Party/FreeRTOS/Source/tasks.c.obj
LOAD CMakeFiles/xbox_controller.dir/Middlewares/Third_Party/FreeRTOS/Source/timers.c.obj
LOAD CMakeFiles/xbox_controller.dir/Module/BMI088/Src/BMI088Middleware.c.obj
LOAD CMakeFiles/xbox_controller.dir/Module/BMI088/Src/BMI088driver.c.obj
LOAD CMakeFiles/xbox_controller.dir/Module/BMI088/Src/ins_task.c.obj
LOAD CMakeFiles/xbox_controller.dir/Module/Tools/QuaternionEKF.c.obj
LOAD CMakeFiles/xbox_controller.dir/Module/Tools/kalman_filter.c.obj
LOAD CMakeFiles/xbox_controller.dir/Module/Tools/user_lib.c.obj
LOAD CMakeFiles/xbox_controller.dir/Module/UI/UI.c.obj
LOAD CMakeFiles/xbox_controller.dir/Module/code/code.c.obj
LOAD CMakeFiles/xbox_controller.dir/Module/joy/joy.c.obj
LOAD CMakeFiles/xbox_controller.dir/Module/keyboard/key.c.obj
LOAD CMakeFiles/xbox_controller.dir/Module/lcd/GUI.c.obj
LOAD CMakeFiles/xbox_controller.dir/Module/lcd/lcd.c.obj
LOAD CMakeFiles/xbox_controller.dir/startup_stm32f405xx.s.obj
LOAD D:/DesktopFile/Competition/RC2025/xbox/xbox_controller/cmake/stm32cubemx/../../Middlewares/ST/ARM/DSP/Lib/libarm_cortexM4lf_math.a
START GROUP
LOAD d:/gnuarm~1/102021~1.10/bin/../lib/gcc/arm-none-eabi/10.3.1/thumb/v7e-m+fp/hard\libgcc.a
LOAD d:/gnuarm~1/102021~1.10/bin/../lib/gcc/arm-none-eabi/10.3.1/../../../../arm-none-eabi/lib/thumb/v7e-m+fp/hard\libg_nano.a
LOAD d:/gnuarm~1/102021~1.10/bin/../lib/gcc/arm-none-eabi/10.3.1/../../../../arm-none-eabi/lib/thumb/v7e-m+fp/hard\libc_nano.a
END GROUP
START GROUP
LOAD d:/gnuarm~1/102021~1.10/bin/../lib/gcc/arm-none-eabi/10.3.1/thumb/v7e-m+fp/hard\libgcc.a
LOAD d:/gnuarm~1/102021~1.10/bin/../lib/gcc/arm-none-eabi/10.3.1/../../../../arm-none-eabi/lib/thumb/v7e-m+fp/hard\libc_nano.a
END GROUP
LOAD d:/gnuarm~1/102021~1.10/bin/../lib/gcc/arm-none-eabi/10.3.1/thumb/v7e-m+fp/hard/crtend.o
LOAD d:/gnuarm~1/102021~1.10/bin/../lib/gcc/arm-none-eabi/10.3.1/thumb/v7e-m+fp/hard/crtn.o
                0x20020000                _estack = (ORIGIN (RAM) + LENGTH (RAM))
                0x00000200                _Min_Heap_Size = 0x200
                0x00000400                _Min_Stack_Size = 0x400

.isr_vector     0x08000000      0x188
                0x08000000                . = ALIGN (0x4)
 *(.isr_vector)
 .isr_vector    0x08000000      0x188 CMakeFiles/xbox_controller.dir/startup_stm32f405xx.s.obj
                0x08000000                g_pfnVectors
                0x08000188                . = ALIGN (0x4)

.text           0x08000190     0x9990
                0x08000190                . = ALIGN (0x4)
 *(.text)
 .text          0x08000190       0x40 d:/gnuarm~1/102021~1.10/bin/../lib/gcc/arm-none-eabi/10.3.1/thumb/v7e-m+fp/hard/crtbegin.o
 .text          0x080001d0      0x254 d:/gnuarm~1/102021~1.10/bin/../lib/gcc/arm-none-eabi/10.3.1/thumb/v7e-m+fp/hard\libgcc.a(_arm_muldf3.o)
                0x080001d0                __muldf3
                0x080001d0                __aeabi_dmul
 .text          0x08000424      0x378 d:/gnuarm~1/102021~1.10/bin/../lib/gcc/arm-none-eabi/10.3.1/thumb/v7e-m+fp/hard\libgcc.a(_arm_addsubdf3.o)
                0x08000424                __aeabi_drsub
                0x0800042c                __aeabi_dsub
                0x0800042c                __subdf3
                0x08000430                __aeabi_dadd
                0x08000430                __adddf3
                0x080006a8                __floatunsidf
                0x080006a8                __aeabi_ui2d
                0x080006c8                __floatsidf
                0x080006c8                __aeabi_i2d
                0x080006ec                __aeabi_f2d
                0x080006ec                __extendsfdf2
                0x08000730                __floatundidf
                0x08000730                __aeabi_ul2d
                0x08000740                __floatdidf
                0x08000740                __aeabi_l2d
 .text          0x0800079c       0x50 d:/gnuarm~1/102021~1.10/bin/../lib/gcc/arm-none-eabi/10.3.1/thumb/v7e-m+fp/hard\libgcc.a(_arm_fixdfsi.o)
                0x0800079c                __aeabi_d2iz
                0x0800079c                __fixdfsi
 .text          0x080007ec       0x30 d:/gnuarm~1/102021~1.10/bin/../lib/gcc/arm-none-eabi/10.3.1/thumb/v7e-m+fp/hard\libgcc.a(_aeabi_uldivmod.o)
                0x080007ec                __aeabi_uldivmod
 .text          0x0800081c      0x2d0 d:/gnuarm~1/102021~1.10/bin/../lib/gcc/arm-none-eabi/10.3.1/thumb/v7e-m+fp/hard\libgcc.a(_udivmoddi4.o)
                0x0800081c                __udivmoddi4
 .text          0x08000aec        0x4 d:/gnuarm~1/102021~1.10/bin/../lib/gcc/arm-none-eabi/10.3.1/thumb/v7e-m+fp/hard\libgcc.a(_dvmd_tls.o)
                0x08000aec                __aeabi_idiv0
                0x08000aec                __aeabi_ldiv0
 *(.text*)
 .text.__libc_init_array
                0x08000af0       0x48 d:/gnuarm~1/102021~1.10/bin/../lib/gcc/arm-none-eabi/10.3.1/../../../../arm-none-eabi/lib/thumb/v7e-m+fp/hard\libc_nano.a(lib_a-init.o)
                0x08000af0                __libc_init_array
 .text.memset   0x08000b38       0x10 d:/gnuarm~1/102021~1.10/bin/../lib/gcc/arm-none-eabi/10.3.1/../../../../arm-none-eabi/lib/thumb/v7e-m+fp/hard\libc_nano.a(lib_a-memset.o)
                0x08000b38                memset
 .text.DataPool_Init
                0x08000b48       0x80 CMakeFiles/xbox_controller.dir/App/data_pool.c.obj
                0x08000b48                DataPool_Init
 .text.OSTASKInit
                0x08000bc8       0x68 CMakeFiles/xbox_controller.dir/App/xbox.c.obj
                0x08000bc8                OSTASKInit
 .text.StateGetTask
                0x08000c30       0xbc CMakeFiles/xbox_controller.dir/App/xbox.c.obj
                0x08000c30                StateGetTask
 .text.UITask   0x08000cec       0x68 CMakeFiles/xbox_controller.dir/App/xbox.c.obj
                0x08000cec                UITask
 .text.XboxInit
                0x08000d54       0x28 CMakeFiles/xbox_controller.dir/App/xbox.c.obj
                0x08000d54                XboxInit
 .text.MX_ADC1_Init
                0x08000d7c      0x130 CMakeFiles/xbox_controller.dir/Core/Src/adc.c.obj
                0x08000d7c                MX_ADC1_Init
 .text.HAL_ADC_MspInit
                0x08000eac       0xf0 CMakeFiles/xbox_controller.dir/Core/Src/adc.c.obj
                0x08000eac                HAL_ADC_MspInit
 .text.MX_DMA_Init
                0x08000f9c       0x80 CMakeFiles/xbox_controller.dir/Core/Src/dma.c.obj
                0x08000f9c                MX_DMA_Init
 .text.vApplicationGetIdleTaskMemory
                0x0800101c       0x34 CMakeFiles/xbox_controller.dir/Core/Src/freertos.c.obj
                0x0800101c                vApplicationGetIdleTaskMemory
 .text.MX_FREERTOS_Init
                0x08001050       0x38 CMakeFiles/xbox_controller.dir/Core/Src/freertos.c.obj
                0x08001050                MX_FREERTOS_Init
 .text.StartDefaultTask
                0x08001088       0x10 CMakeFiles/xbox_controller.dir/Core/Src/freertos.c.obj
                0x08001088                StartDefaultTask
 .text.MX_GPIO_Init
                0x08001098      0x20c CMakeFiles/xbox_controller.dir/Core/Src/gpio.c.obj
                0x08001098                MX_GPIO_Init
 .text.main     0x080012a4       0x3a CMakeFiles/xbox_controller.dir/Core/Src/main.c.obj
                0x080012a4                main
 *fill*         0x080012de        0x2 
 .text.SystemClock_Config
                0x080012e0       0xd4 CMakeFiles/xbox_controller.dir/Core/Src/main.c.obj
                0x080012e0                SystemClock_Config
 .text.HAL_TIM_PeriodElapsedCallback
                0x080013b4       0x24 CMakeFiles/xbox_controller.dir/Core/Src/main.c.obj
                0x080013b4                HAL_TIM_PeriodElapsedCallback
 .text.Error_Handler
                0x080013d8        0xa CMakeFiles/xbox_controller.dir/Core/Src/main.c.obj
                0x080013d8                Error_Handler
 *fill*         0x080013e2        0x2 
 .text.MX_SPI1_Init
                0x080013e4       0x6c CMakeFiles/xbox_controller.dir/Core/Src/spi.c.obj
                0x080013e4                MX_SPI1_Init
 .text.MX_SPI2_Init
                0x08001450       0x6c CMakeFiles/xbox_controller.dir/Core/Src/spi.c.obj
                0x08001450                MX_SPI2_Init
 .text.HAL_SPI_MspInit
                0x080014bc      0x1c8 CMakeFiles/xbox_controller.dir/Core/Src/spi.c.obj
                0x080014bc                HAL_SPI_MspInit
 .text.HAL_MspInit
                0x08001684       0x58 CMakeFiles/xbox_controller.dir/Core/Src/stm32f4xx_hal_msp.c.obj
                0x08001684                HAL_MspInit
 .text.HAL_InitTick
                0x080016dc       0xf8 CMakeFiles/xbox_controller.dir/Core/Src/stm32f4xx_hal_timebase_tim.c.obj
                0x080016dc                HAL_InitTick
 .text.NMI_Handler
                0x080017d4        0x6 CMakeFiles/xbox_controller.dir/Core/Src/stm32f4xx_it.c.obj
                0x080017d4                NMI_Handler
 .text.HardFault_Handler
                0x080017da        0x6 CMakeFiles/xbox_controller.dir/Core/Src/stm32f4xx_it.c.obj
                0x080017da                HardFault_Handler
 .text.MemManage_Handler
                0x080017e0        0x6 CMakeFiles/xbox_controller.dir/Core/Src/stm32f4xx_it.c.obj
                0x080017e0                MemManage_Handler
 .text.BusFault_Handler
                0x080017e6        0x6 CMakeFiles/xbox_controller.dir/Core/Src/stm32f4xx_it.c.obj
                0x080017e6                BusFault_Handler
 .text.UsageFault_Handler
                0x080017ec        0x6 CMakeFiles/xbox_controller.dir/Core/Src/stm32f4xx_it.c.obj
                0x080017ec                UsageFault_Handler
 .text.DebugMon_Handler
                0x080017f2        0xe CMakeFiles/xbox_controller.dir/Core/Src/stm32f4xx_it.c.obj
                0x080017f2                DebugMon_Handler
 .text.USART1_IRQHandler
                0x08001800       0x14 CMakeFiles/xbox_controller.dir/Core/Src/stm32f4xx_it.c.obj
                0x08001800                USART1_IRQHandler
 .text.TIM8_TRG_COM_TIM14_IRQHandler
                0x08001814       0x14 CMakeFiles/xbox_controller.dir/Core/Src/stm32f4xx_it.c.obj
                0x08001814                TIM8_TRG_COM_TIM14_IRQHandler
 .text.DMA2_Stream0_IRQHandler
                0x08001828       0x14 CMakeFiles/xbox_controller.dir/Core/Src/stm32f4xx_it.c.obj
                0x08001828                DMA2_Stream0_IRQHandler
 .text.DMA2_Stream2_IRQHandler
                0x0800183c       0x14 CMakeFiles/xbox_controller.dir/Core/Src/stm32f4xx_it.c.obj
                0x0800183c                DMA2_Stream2_IRQHandler
 .text.DMA2_Stream3_IRQHandler
                0x08001850       0x14 CMakeFiles/xbox_controller.dir/Core/Src/stm32f4xx_it.c.obj
                0x08001850                DMA2_Stream3_IRQHandler
 .text.DMA2_Stream5_IRQHandler
                0x08001864       0x14 CMakeFiles/xbox_controller.dir/Core/Src/stm32f4xx_it.c.obj
                0x08001864                DMA2_Stream5_IRQHandler
 .text.DMA2_Stream7_IRQHandler
                0x08001878       0x14 CMakeFiles/xbox_controller.dir/Core/Src/stm32f4xx_it.c.obj
                0x08001878                DMA2_Stream7_IRQHandler
 .text.SystemInit
                0x0800188c       0x24 CMakeFiles/xbox_controller.dir/Core/Src/system_stm32f4xx.c.obj
                0x0800188c                SystemInit
 .text.MX_TIM2_Init
                0x080018b0       0x9c CMakeFiles/xbox_controller.dir/Core/Src/tim.c.obj
                0x080018b0                MX_TIM2_Init
 .text.HAL_TIM_Base_MspInit
                0x0800194c       0x40 CMakeFiles/xbox_controller.dir/Core/Src/tim.c.obj
                0x0800194c                HAL_TIM_Base_MspInit
 .text.MX_USART1_UART_Init
                0x0800198c       0x54 CMakeFiles/xbox_controller.dir/Core/Src/usart.c.obj
                0x0800198c                MX_USART1_UART_Init
 .text.HAL_UART_MspInit
                0x080019e0      0x1b0 CMakeFiles/xbox_controller.dir/Core/Src/usart.c.obj
                0x080019e0                HAL_UART_MspInit
 .text.HAL_Init
                0x08001b90       0x44 CMakeFiles/xbox_controller.dir/Drivers/STM32F4xx_HAL_Driver/Src/stm32f4xx_hal.c.obj
                0x08001b90                HAL_Init
 .text.HAL_IncTick
                0x08001bd4       0x28 CMakeFiles/xbox_controller.dir/Drivers/STM32F4xx_HAL_Driver/Src/stm32f4xx_hal.c.obj
                0x08001bd4                HAL_IncTick
 .text.HAL_GetTick
                0x08001bfc       0x18 CMakeFiles/xbox_controller.dir/Drivers/STM32F4xx_HAL_Driver/Src/stm32f4xx_hal.c.obj
                0x08001bfc                HAL_GetTick
 .text.HAL_Delay
                0x08001c14       0x48 CMakeFiles/xbox_controller.dir/Drivers/STM32F4xx_HAL_Driver/Src/stm32f4xx_hal.c.obj
                0x08001c14                HAL_Delay
 .text.HAL_ADC_Init
                0x08001c5c       0x86 CMakeFiles/xbox_controller.dir/Drivers/STM32F4xx_HAL_Driver/Src/stm32f4xx_hal_adc.c.obj
                0x08001c5c                HAL_ADC_Init
 *fill*         0x08001ce2        0x2 
 .text.HAL_ADC_Start_DMA
                0x08001ce4      0x220 CMakeFiles/xbox_controller.dir/Drivers/STM32F4xx_HAL_Driver/Src/stm32f4xx_hal_adc.c.obj
                0x08001ce4                HAL_ADC_Start_DMA
 .text.HAL_ADC_ConvHalfCpltCallback
                0x08001f04       0x14 CMakeFiles/xbox_controller.dir/Drivers/STM32F4xx_HAL_Driver/Src/stm32f4xx_hal_adc.c.obj
                0x08001f04                HAL_ADC_ConvHalfCpltCallback
 .text.HAL_ADC_ErrorCallback
                0x08001f18       0x14 CMakeFiles/xbox_controller.dir/Drivers/STM32F4xx_HAL_Driver/Src/stm32f4xx_hal_adc.c.obj
                0x08001f18                HAL_ADC_ErrorCallback
 .text.HAL_ADC_ConfigChannel
                0x08001f2c      0x244 CMakeFiles/xbox_controller.dir/Drivers/STM32F4xx_HAL_Driver/Src/stm32f4xx_hal_adc.c.obj
                0x08001f2c                HAL_ADC_ConfigChannel
 .text.ADC_Init
                0x08002170      0x1f8 CMakeFiles/xbox_controller.dir/Drivers/STM32F4xx_HAL_Driver/Src/stm32f4xx_hal_adc.c.obj
 .text.ADC_DMAConvCplt
                0x08002368       0xba CMakeFiles/xbox_controller.dir/Drivers/STM32F4xx_HAL_Driver/Src/stm32f4xx_hal_adc.c.obj
 .text.ADC_DMAHalfConvCplt
                0x08002422       0x1c CMakeFiles/xbox_controller.dir/Drivers/STM32F4xx_HAL_Driver/Src/stm32f4xx_hal_adc.c.obj
 .text.ADC_DMAError
                0x0800243e       0x2e CMakeFiles/xbox_controller.dir/Drivers/STM32F4xx_HAL_Driver/Src/stm32f4xx_hal_adc.c.obj
 .text.__NVIC_SetPriorityGrouping
                0x0800246c       0x48 CMakeFiles/xbox_controller.dir/Drivers/STM32F4xx_HAL_Driver/Src/stm32f4xx_hal_cortex.c.obj
 .text.__NVIC_GetPriorityGrouping
                0x080024b4       0x1c CMakeFiles/xbox_controller.dir/Drivers/STM32F4xx_HAL_Driver/Src/stm32f4xx_hal_cortex.c.obj
 .text.__NVIC_EnableIRQ
                0x080024d0       0x3c CMakeFiles/xbox_controller.dir/Drivers/STM32F4xx_HAL_Driver/Src/stm32f4xx_hal_cortex.c.obj
 .text.__NVIC_SetPriority
                0x0800250c       0x54 CMakeFiles/xbox_controller.dir/Drivers/STM32F4xx_HAL_Driver/Src/stm32f4xx_hal_cortex.c.obj
 .text.NVIC_EncodePriority
                0x08002560       0x66 CMakeFiles/xbox_controller.dir/Drivers/STM32F4xx_HAL_Driver/Src/stm32f4xx_hal_cortex.c.obj
 .text.HAL_NVIC_SetPriorityGrouping
                0x080025c6       0x16 CMakeFiles/xbox_controller.dir/Drivers/STM32F4xx_HAL_Driver/Src/stm32f4xx_hal_cortex.c.obj
                0x080025c6                HAL_NVIC_SetPriorityGrouping
 .text.HAL_NVIC_SetPriority
                0x080025dc       0x38 CMakeFiles/xbox_controller.dir/Drivers/STM32F4xx_HAL_Driver/Src/stm32f4xx_hal_cortex.c.obj
                0x080025dc                HAL_NVIC_SetPriority
 .text.HAL_NVIC_EnableIRQ
                0x08002614       0x1c CMakeFiles/xbox_controller.dir/Drivers/STM32F4xx_HAL_Driver/Src/stm32f4xx_hal_cortex.c.obj
                0x08002614                HAL_NVIC_EnableIRQ
 .text.HAL_DMA_Init
                0x08002630      0x15c CMakeFiles/xbox_controller.dir/Drivers/STM32F4xx_HAL_Driver/Src/stm32f4xx_hal_dma.c.obj
                0x08002630                HAL_DMA_Init
 .text.HAL_DMA_Start_IT
                0x0800278c       0xb0 CMakeFiles/xbox_controller.dir/Drivers/STM32F4xx_HAL_Driver/Src/stm32f4xx_hal_dma.c.obj
                0x0800278c                HAL_DMA_Start_IT
 .text.HAL_DMA_Abort
                0x0800283c       0xe0 CMakeFiles/xbox_controller.dir/Drivers/STM32F4xx_HAL_Driver/Src/stm32f4xx_hal_dma.c.obj
                0x0800283c                HAL_DMA_Abort
 .text.HAL_DMA_Abort_IT
                0x0800291c       0x44 CMakeFiles/xbox_controller.dir/Drivers/STM32F4xx_HAL_Driver/Src/stm32f4xx_hal_dma.c.obj
                0x0800291c                HAL_DMA_Abort_IT
 .text.HAL_DMA_IRQHandler
                0x08002960      0x314 CMakeFiles/xbox_controller.dir/Drivers/STM32F4xx_HAL_Driver/Src/stm32f4xx_hal_dma.c.obj
                0x08002960                HAL_DMA_IRQHandler
 .text.DMA_SetConfig
                0x08002c74       0x5c CMakeFiles/xbox_controller.dir/Drivers/STM32F4xx_HAL_Driver/Src/stm32f4xx_hal_dma.c.obj
 .text.DMA_CalcBaseAndBitshift
                0x08002cd0       0x6c CMakeFiles/xbox_controller.dir/Drivers/STM32F4xx_HAL_Driver/Src/stm32f4xx_hal_dma.c.obj
 .text.DMA_CheckFifoParam
                0x08002d3c       0xf8 CMakeFiles/xbox_controller.dir/Drivers/STM32F4xx_HAL_Driver/Src/stm32f4xx_hal_dma.c.obj
 .text.HAL_GPIO_Init
                0x08002e34      0x338 CMakeFiles/xbox_controller.dir/Drivers/STM32F4xx_HAL_Driver/Src/stm32f4xx_hal_gpio.c.obj
                0x08002e34                HAL_GPIO_Init
 .text.HAL_GPIO_ReadPin
                0x0800316c       0x30 CMakeFiles/xbox_controller.dir/Drivers/STM32F4xx_HAL_Driver/Src/stm32f4xx_hal_gpio.c.obj
                0x0800316c                HAL_GPIO_ReadPin
 .text.HAL_GPIO_WritePin
                0x0800319c       0x32 CMakeFiles/xbox_controller.dir/Drivers/STM32F4xx_HAL_Driver/Src/stm32f4xx_hal_gpio.c.obj
                0x0800319c                HAL_GPIO_WritePin
 *fill*         0x080031ce        0x2 
 .text.HAL_RCC_OscConfig
                0x080031d0      0x4f0 CMakeFiles/xbox_controller.dir/Drivers/STM32F4xx_HAL_Driver/Src/stm32f4xx_hal_rcc.c.obj
                0x080031d0                HAL_RCC_OscConfig
 .text.HAL_RCC_ClockConfig
                0x080036c0      0x1cc CMakeFiles/xbox_controller.dir/Drivers/STM32F4xx_HAL_Driver/Src/stm32f4xx_hal_rcc.c.obj
                0x080036c0                HAL_RCC_ClockConfig
 .text.HAL_RCC_GetSysClockFreq
                0x0800388c      0x20c CMakeFiles/xbox_controller.dir/Drivers/STM32F4xx_HAL_Driver/Src/stm32f4xx_hal_rcc.c.obj
                0x0800388c                HAL_RCC_GetSysClockFreq
 .text.HAL_RCC_GetHCLKFreq
                0x08003a98       0x18 CMakeFiles/xbox_controller.dir/Drivers/STM32F4xx_HAL_Driver/Src/stm32f4xx_hal_rcc.c.obj
                0x08003a98                HAL_RCC_GetHCLKFreq
 .text.HAL_RCC_GetPCLK1Freq
                0x08003ab0       0x28 CMakeFiles/xbox_controller.dir/Drivers/STM32F4xx_HAL_Driver/Src/stm32f4xx_hal_rcc.c.obj
                0x08003ab0                HAL_RCC_GetPCLK1Freq
 .text.HAL_RCC_GetPCLK2Freq
                0x08003ad8       0x28 CMakeFiles/xbox_controller.dir/Drivers/STM32F4xx_HAL_Driver/Src/stm32f4xx_hal_rcc.c.obj
                0x08003ad8                HAL_RCC_GetPCLK2Freq
 .text.HAL_RCC_GetClockConfig
                0x08003b00       0x64 CMakeFiles/xbox_controller.dir/Drivers/STM32F4xx_HAL_Driver/Src/stm32f4xx_hal_rcc.c.obj
                0x08003b00                HAL_RCC_GetClockConfig
 .text.HAL_SPI_Init
                0x08003b64      0x112 CMakeFiles/xbox_controller.dir/Drivers/STM32F4xx_HAL_Driver/Src/stm32f4xx_hal_spi.c.obj
                0x08003b64                HAL_SPI_Init
 .text.HAL_SPI_Transmit
                0x08003c76      0x288 CMakeFiles/xbox_controller.dir/Drivers/STM32F4xx_HAL_Driver/Src/stm32f4xx_hal_spi.c.obj
                0x08003c76                HAL_SPI_Transmit
 *fill*         0x08003efe        0x2 
 .text.SPI_WaitFlagStateUntilTimeout
                0x08003f00      0x110 CMakeFiles/xbox_controller.dir/Drivers/STM32F4xx_HAL_Driver/Src/stm32f4xx_hal_spi.c.obj
 .text.SPI_EndRxTxTransaction
                0x08004010       0xa8 CMakeFiles/xbox_controller.dir/Drivers/STM32F4xx_HAL_Driver/Src/stm32f4xx_hal_spi.c.obj
 .text.HAL_TIM_Base_Init
                0x080040b8       0x9e CMakeFiles/xbox_controller.dir/Drivers/STM32F4xx_HAL_Driver/Src/stm32f4xx_hal_tim.c.obj
                0x080040b8                HAL_TIM_Base_Init
 *fill*         0x08004156        0x2 
 .text.HAL_TIM_Base_Start_IT
                0x08004158       0xe0 CMakeFiles/xbox_controller.dir/Drivers/STM32F4xx_HAL_Driver/Src/stm32f4xx_hal_tim.c.obj
                0x08004158                HAL_TIM_Base_Start_IT
 .text.HAL_TIM_IRQHandler
                0x08004238      0x1e0 CMakeFiles/xbox_controller.dir/Drivers/STM32F4xx_HAL_Driver/Src/stm32f4xx_hal_tim.c.obj
                0x08004238                HAL_TIM_IRQHandler
 .text.HAL_TIM_ConfigClockSource
                0x08004418      0x18e CMakeFiles/xbox_controller.dir/Drivers/STM32F4xx_HAL_Driver/Src/stm32f4xx_hal_tim.c.obj
                0x08004418                HAL_TIM_ConfigClockSource
 .text.HAL_TIM_OC_DelayElapsedCallback
                0x080045a6       0x14 CMakeFiles/xbox_controller.dir/Drivers/STM32F4xx_HAL_Driver/Src/stm32f4xx_hal_tim.c.obj
                0x080045a6                HAL_TIM_OC_DelayElapsedCallback
 .text.HAL_TIM_IC_CaptureCallback
                0x080045ba       0x14 CMakeFiles/xbox_controller.dir/Drivers/STM32F4xx_HAL_Driver/Src/stm32f4xx_hal_tim.c.obj
                0x080045ba                HAL_TIM_IC_CaptureCallback
 .text.HAL_TIM_PWM_PulseFinishedCallback
                0x080045ce       0x14 CMakeFiles/xbox_controller.dir/Drivers/STM32F4xx_HAL_Driver/Src/stm32f4xx_hal_tim.c.obj
                0x080045ce                HAL_TIM_PWM_PulseFinishedCallback
 .text.HAL_TIM_TriggerCallback
                0x080045e2       0x14 CMakeFiles/xbox_controller.dir/Drivers/STM32F4xx_HAL_Driver/Src/stm32f4xx_hal_tim.c.obj
                0x080045e2                HAL_TIM_TriggerCallback
 *fill*         0x080045f6        0x2 
 .text.TIM_Base_SetConfig
                0x080045f8      0x158 CMakeFiles/xbox_controller.dir/Drivers/STM32F4xx_HAL_Driver/Src/stm32f4xx_hal_tim.c.obj
                0x080045f8                TIM_Base_SetConfig
 .text.TIM_TI1_ConfigInputStage
                0x08004750       0x5e CMakeFiles/xbox_controller.dir/Drivers/STM32F4xx_HAL_Driver/Src/stm32f4xx_hal_tim.c.obj
 .text.TIM_TI2_ConfigInputStage
                0x080047ae       0x60 CMakeFiles/xbox_controller.dir/Drivers/STM32F4xx_HAL_Driver/Src/stm32f4xx_hal_tim.c.obj
 .text.TIM_ITRx_SetConfig
                0x0800480e       0x36 CMakeFiles/xbox_controller.dir/Drivers/STM32F4xx_HAL_Driver/Src/stm32f4xx_hal_tim.c.obj
 .text.TIM_ETR_SetConfig
                0x08004844       0x40 CMakeFiles/xbox_controller.dir/Drivers/STM32F4xx_HAL_Driver/Src/stm32f4xx_hal_tim.c.obj
                0x08004844                TIM_ETR_SetConfig
 .text.HAL_TIMEx_MasterConfigSynchronization
                0x08004884       0xf8 CMakeFiles/xbox_controller.dir/Drivers/STM32F4xx_HAL_Driver/Src/stm32f4xx_hal_tim_ex.c.obj
                0x08004884                HAL_TIMEx_MasterConfigSynchronization
 .text.HAL_TIMEx_CommutCallback
                0x0800497c       0x14 CMakeFiles/xbox_controller.dir/Drivers/STM32F4xx_HAL_Driver/Src/stm32f4xx_hal_tim_ex.c.obj
                0x0800497c                HAL_TIMEx_CommutCallback
 .text.HAL_TIMEx_BreakCallback
                0x08004990       0x14 CMakeFiles/xbox_controller.dir/Drivers/STM32F4xx_HAL_Driver/Src/stm32f4xx_hal_tim_ex.c.obj
                0x08004990                HAL_TIMEx_BreakCallback
 .text.HAL_UART_Init
                0x080049a4       0xa0 CMakeFiles/xbox_controller.dir/Drivers/STM32F4xx_HAL_Driver/Src/stm32f4xx_hal_uart.c.obj
                0x080049a4                HAL_UART_Init
 .text.HAL_UART_Transmit
                0x08004a44      0x116 CMakeFiles/xbox_controller.dir/Drivers/STM32F4xx_HAL_Driver/Src/stm32f4xx_hal_uart.c.obj
                0x08004a44                HAL_UART_Transmit
 .text.HAL_UARTEx_ReceiveToIdle_DMA
                0x08004b5a       0xba CMakeFiles/xbox_controller.dir/Drivers/STM32F4xx_HAL_Driver/Src/stm32f4xx_hal_uart.c.obj
                0x08004b5a                HAL_UARTEx_ReceiveToIdle_DMA
 .text.HAL_UART_IRQHandler
                0x08004c14      0x524 CMakeFiles/xbox_controller.dir/Drivers/STM32F4xx_HAL_Driver/Src/stm32f4xx_hal_uart.c.obj
                0x08004c14                HAL_UART_IRQHandler
 .text.HAL_UART_TxCpltCallback
                0x08005138       0x14 CMakeFiles/xbox_controller.dir/Drivers/STM32F4xx_HAL_Driver/Src/stm32f4xx_hal_uart.c.obj
                0x08005138                HAL_UART_TxCpltCallback
 .text.HAL_UART_RxCpltCallback
                0x0800514c       0x14 CMakeFiles/xbox_controller.dir/Drivers/STM32F4xx_HAL_Driver/Src/stm32f4xx_hal_uart.c.obj
                0x0800514c                HAL_UART_RxCpltCallback
 .text.HAL_UART_RxHalfCpltCallback
                0x08005160       0x14 CMakeFiles/xbox_controller.dir/Drivers/STM32F4xx_HAL_Driver/Src/stm32f4xx_hal_uart.c.obj
                0x08005160                HAL_UART_RxHalfCpltCallback
 .text.HAL_UART_ErrorCallback
                0x08005174       0x14 CMakeFiles/xbox_controller.dir/Drivers/STM32F4xx_HAL_Driver/Src/stm32f4xx_hal_uart.c.obj
                0x08005174                HAL_UART_ErrorCallback
 .text.UART_DMAReceiveCplt
                0x08005188      0x12c CMakeFiles/xbox_controller.dir/Drivers/STM32F4xx_HAL_Driver/Src/stm32f4xx_hal_uart.c.obj
 .text.UART_DMARxHalfCplt
                0x080052b4       0x3c CMakeFiles/xbox_controller.dir/Drivers/STM32F4xx_HAL_Driver/Src/stm32f4xx_hal_uart.c.obj
 .text.UART_DMAError
                0x080052f0       0x94 CMakeFiles/xbox_controller.dir/Drivers/STM32F4xx_HAL_Driver/Src/stm32f4xx_hal_uart.c.obj
 .text.UART_WaitOnFlagUntilTimeout
                0x08005384       0xb2 CMakeFiles/xbox_controller.dir/Drivers/STM32F4xx_HAL_Driver/Src/stm32f4xx_hal_uart.c.obj
 *fill*         0x08005436        0x2 
 .text.UART_Start_Receive_DMA
                0x08005438      0x134 CMakeFiles/xbox_controller.dir/Drivers/STM32F4xx_HAL_Driver/Src/stm32f4xx_hal_uart.c.obj
                0x08005438                UART_Start_Receive_DMA
 .text.UART_EndTxTransfer
                0x0800556c       0x50 CMakeFiles/xbox_controller.dir/Drivers/STM32F4xx_HAL_Driver/Src/stm32f4xx_hal_uart.c.obj
 .text.UART_EndRxTransfer
                0x080055bc       0xc6 CMakeFiles/xbox_controller.dir/Drivers/STM32F4xx_HAL_Driver/Src/stm32f4xx_hal_uart.c.obj
 .text.UART_DMAAbortOnError
                0x08005682       0x28 CMakeFiles/xbox_controller.dir/Drivers/STM32F4xx_HAL_Driver/Src/stm32f4xx_hal_uart.c.obj
 .text.UART_Transmit_IT
                0x080056aa       0xa0 CMakeFiles/xbox_controller.dir/Drivers/STM32F4xx_HAL_Driver/Src/stm32f4xx_hal_uart.c.obj
 .text.UART_EndTransmit_IT
                0x0800574a       0x30 CMakeFiles/xbox_controller.dir/Drivers/STM32F4xx_HAL_Driver/Src/stm32f4xx_hal_uart.c.obj
 .text.UART_Receive_IT
                0x0800577a      0x17c CMakeFiles/xbox_controller.dir/Drivers/STM32F4xx_HAL_Driver/Src/stm32f4xx_hal_uart.c.obj
 *fill*         0x080058f6        0x2 
 .text.UART_SetConfig
                0x080058f8      0x4e8 CMakeFiles/xbox_controller.dir/Drivers/STM32F4xx_HAL_Driver/Src/stm32f4xx_hal_uart.c.obj
 .text.makeFreeRtosPriority
                0x08005de0       0x30 CMakeFiles/xbox_controller.dir/Middlewares/Third_Party/FreeRTOS/Source/CMSIS_RTOS/cmsis_os.c.obj
 .text.osKernelStart
                0x08005e10        0xe CMakeFiles/xbox_controller.dir/Middlewares/Third_Party/FreeRTOS/Source/CMSIS_RTOS/cmsis_os.c.obj
                0x08005e10                osKernelStart
 .text.osThreadCreate
                0x08005e1e       0x98 CMakeFiles/xbox_controller.dir/Middlewares/Third_Party/FreeRTOS/Source/CMSIS_RTOS/cmsis_os.c.obj
                0x08005e1e                osThreadCreate
 .text.osDelay  0x08005eb6       0x28 CMakeFiles/xbox_controller.dir/Middlewares/Third_Party/FreeRTOS/Source/CMSIS_RTOS/cmsis_os.c.obj
                0x08005eb6                osDelay
 .text.vListInitialise
                0x08005ede       0x40 CMakeFiles/xbox_controller.dir/Middlewares/Third_Party/FreeRTOS/Source/list.c.obj
                0x08005ede                vListInitialise
 .text.vListInitialiseItem
                0x08005f1e       0x1a CMakeFiles/xbox_controller.dir/Middlewares/Third_Party/FreeRTOS/Source/list.c.obj
                0x08005f1e                vListInitialiseItem
 .text.vListInsertEnd
                0x08005f38       0x48 CMakeFiles/xbox_controller.dir/Middlewares/Third_Party/FreeRTOS/Source/list.c.obj
                0x08005f38                vListInsertEnd
 .text.vListInsert
                0x08005f80       0x72 CMakeFiles/xbox_controller.dir/Middlewares/Third_Party/FreeRTOS/Source/list.c.obj
                0x08005f80                vListInsert
 .text.uxListRemove
                0x08005ff2       0x54 CMakeFiles/xbox_controller.dir/Middlewares/Third_Party/FreeRTOS/Source/list.c.obj
                0x08005ff2                uxListRemove
 *fill*         0x08006046        0x2 
 .text.pxPortInitialiseStack
                0x08006048       0x68 CMakeFiles/xbox_controller.dir/Middlewares/Third_Party/FreeRTOS/Source/portable/GCC/ARM_CM4F/port.c.obj
                0x08006048                pxPortInitialiseStack
 .text.prvTaskExitError
                0x080060b0       0x58 CMakeFiles/xbox_controller.dir/Middlewares/Third_Party/FreeRTOS/Source/portable/GCC/ARM_CM4F/port.c.obj
 *fill*         0x08006108        0x8 
 .text.SVC_Handler
                0x08006110       0x28 CMakeFiles/xbox_controller.dir/Middlewares/Third_Party/FreeRTOS/Source/portable/GCC/ARM_CM4F/port.c.obj
                0x08006110                SVC_Handler
 .text.prvPortStartFirstTask
                0x08006138       0x28 CMakeFiles/xbox_controller.dir/Middlewares/Third_Party/FreeRTOS/Source/portable/GCC/ARM_CM4F/port.c.obj
 .text.xPortStartScheduler
                0x08006160      0x144 CMakeFiles/xbox_controller.dir/Middlewares/Third_Party/FreeRTOS/Source/portable/GCC/ARM_CM4F/port.c.obj
                0x08006160                xPortStartScheduler
 .text.vPortEnterCritical
                0x080062a4       0x60 CMakeFiles/xbox_controller.dir/Middlewares/Third_Party/FreeRTOS/Source/portable/GCC/ARM_CM4F/port.c.obj
                0x080062a4                vPortEnterCritical
 .text.vPortExitCritical
                0x08006304       0x54 CMakeFiles/xbox_controller.dir/Middlewares/Third_Party/FreeRTOS/Source/portable/GCC/ARM_CM4F/port.c.obj
                0x08006304                vPortExitCritical
 *fill*         0x08006358        0x8 
 .text.PendSV_Handler
                0x08006360       0x68 CMakeFiles/xbox_controller.dir/Middlewares/Third_Party/FreeRTOS/Source/portable/GCC/ARM_CM4F/port.c.obj
                0x08006360                PendSV_Handler
 .text.SysTick_Handler
                0x080063c8       0x44 CMakeFiles/xbox_controller.dir/Middlewares/Third_Party/FreeRTOS/Source/portable/GCC/ARM_CM4F/port.c.obj
                0x080063c8                SysTick_Handler
 .text.vPortSetupTimerInterrupt
                0x0800640c       0x48 CMakeFiles/xbox_controller.dir/Middlewares/Third_Party/FreeRTOS/Source/portable/GCC/ARM_CM4F/port.c.obj
                0x0800640c                vPortSetupTimerInterrupt
 .text.vPortEnableVFP
                0x08006454       0x14 CMakeFiles/xbox_controller.dir/Middlewares/Third_Party/FreeRTOS/Source/portable/GCC/ARM_CM4F/port.c.obj
 .text.vPortValidateInterruptPriority
                0x08006468       0x80 CMakeFiles/xbox_controller.dir/Middlewares/Third_Party/FreeRTOS/Source/portable/GCC/ARM_CM4F/port.c.obj
                0x08006468                vPortValidateInterruptPriority
 .text.pvPortMalloc
                0x080064e8      0x198 CMakeFiles/xbox_controller.dir/Middlewares/Third_Party/FreeRTOS/Source/portable/MemMang/heap_4.c.obj
                0x080064e8                pvPortMalloc
 .text.vPortFree
                0x08006680       0xc4 CMakeFiles/xbox_controller.dir/Middlewares/Third_Party/FreeRTOS/Source/portable/MemMang/heap_4.c.obj
                0x08006680                vPortFree
 .text.prvHeapInit
                0x08006744       0xc4 CMakeFiles/xbox_controller.dir/Middlewares/Third_Party/FreeRTOS/Source/portable/MemMang/heap_4.c.obj
 .text.prvInsertBlockIntoFreeList
                0x08006808       0xb4 CMakeFiles/xbox_controller.dir/Middlewares/Third_Party/FreeRTOS/Source/portable/MemMang/heap_4.c.obj
 .text.xQueueGenericReset
                0x080068bc       0xd0 CMakeFiles/xbox_controller.dir/Middlewares/Third_Party/FreeRTOS/Source/queue.c.obj
                0x080068bc                xQueueGenericReset
 .text.xQueueGenericCreate
                0x0800698c       0x74 CMakeFiles/xbox_controller.dir/Middlewares/Third_Party/FreeRTOS/Source/queue.c.obj
                0x0800698c                xQueueGenericCreate
 .text.prvInitialiseNewQueue
                0x08006a00       0x3e CMakeFiles/xbox_controller.dir/Middlewares/Third_Party/FreeRTOS/Source/queue.c.obj
 .text.xQueueGenericSendFromISR
                0x08006a3e      0x136 CMakeFiles/xbox_controller.dir/Middlewares/Third_Party/FreeRTOS/Source/queue.c.obj
                0x08006a3e                xQueueGenericSendFromISR
 .text.xQueueReceive
                0x08006b74      0x1c0 CMakeFiles/xbox_controller.dir/Middlewares/Third_Party/FreeRTOS/Source/queue.c.obj
                0x08006b74                xQueueReceive
 .text.prvCopyDataToQueue
                0x08006d34       0xd4 CMakeFiles/xbox_controller.dir/Middlewares/Third_Party/FreeRTOS/Source/queue.c.obj
 .text.prvCopyDataFromQueue
                0x08006e08       0x4c CMakeFiles/xbox_controller.dir/Middlewares/Third_Party/FreeRTOS/Source/queue.c.obj
 .text.prvUnlockQueue
                0x08006e54       0xa4 CMakeFiles/xbox_controller.dir/Middlewares/Third_Party/FreeRTOS/Source/queue.c.obj
 .text.prvIsQueueEmpty
                0x08006ef8       0x2c CMakeFiles/xbox_controller.dir/Middlewares/Third_Party/FreeRTOS/Source/queue.c.obj
 .text.xTaskCreateStatic
                0x08006f24       0xba CMakeFiles/xbox_controller.dir/Middlewares/Third_Party/FreeRTOS/Source/tasks.c.obj
                0x08006f24                xTaskCreateStatic
 .text.xTaskCreate
                0x08006fde       0x8a CMakeFiles/xbox_controller.dir/Middlewares/Third_Party/FreeRTOS/Source/tasks.c.obj
                0x08006fde                xTaskCreate
 .text.prvInitialiseNewTask
                0x08007068      0x10e CMakeFiles/xbox_controller.dir/Middlewares/Third_Party/FreeRTOS/Source/tasks.c.obj
 *fill*         0x08007176        0x2 
 .text.prvAddNewTaskToReadyList
                0x08007178       0xd4 CMakeFiles/xbox_controller.dir/Middlewares/Third_Party/FreeRTOS/Source/tasks.c.obj
 .text.vTaskDelay
                0x0800724c       0x68 CMakeFiles/xbox_controller.dir/Middlewares/Third_Party/FreeRTOS/Source/tasks.c.obj
                0x0800724c                vTaskDelay
 .text.vTaskStartScheduler
                0x080072b4       0xc0 CMakeFiles/xbox_controller.dir/Middlewares/Third_Party/FreeRTOS/Source/tasks.c.obj
                0x080072b4                vTaskStartScheduler
 .text.vTaskSuspendAll
                0x08007374       0x1c CMakeFiles/xbox_controller.dir/Middlewares/Third_Party/FreeRTOS/Source/tasks.c.obj
                0x08007374                vTaskSuspendAll
 .text.xTaskResumeAll
                0x08007390      0x138 CMakeFiles/xbox_controller.dir/Middlewares/Third_Party/FreeRTOS/Source/tasks.c.obj
                0x08007390                xTaskResumeAll
 .text.xTaskIncrementTick
                0x080074c8      0x170 CMakeFiles/xbox_controller.dir/Middlewares/Third_Party/FreeRTOS/Source/tasks.c.obj
                0x080074c8                xTaskIncrementTick
 .text.vTaskSwitchContext
                0x08007638       0xb8 CMakeFiles/xbox_controller.dir/Middlewares/Third_Party/FreeRTOS/Source/tasks.c.obj
                0x08007638                vTaskSwitchContext
 .text.vTaskPlaceOnEventList
                0x080076f0       0x48 CMakeFiles/xbox_controller.dir/Middlewares/Third_Party/FreeRTOS/Source/tasks.c.obj
                0x080076f0                vTaskPlaceOnEventList
 .text.xTaskRemoveFromEventList
                0x08007738       0xc4 CMakeFiles/xbox_controller.dir/Middlewares/Third_Party/FreeRTOS/Source/tasks.c.obj
                0x08007738                xTaskRemoveFromEventList
 .text.vTaskInternalSetTimeOutState
                0x080077fc       0x2c CMakeFiles/xbox_controller.dir/Middlewares/Third_Party/FreeRTOS/Source/tasks.c.obj
                0x080077fc                vTaskInternalSetTimeOutState
 .text.xTaskCheckForTimeOut
                0x08007828       0xc4 CMakeFiles/xbox_controller.dir/Middlewares/Third_Party/FreeRTOS/Source/tasks.c.obj
                0x08007828                xTaskCheckForTimeOut
 .text.vTaskMissedYield
                0x080078ec       0x18 CMakeFiles/xbox_controller.dir/Middlewares/Third_Party/FreeRTOS/Source/tasks.c.obj
                0x080078ec                vTaskMissedYield
 .text.prvIdleTask
                0x08007904       0x30 CMakeFiles/xbox_controller.dir/Middlewares/Third_Party/FreeRTOS/Source/tasks.c.obj
 .text.prvInitialiseTaskLists
                0x08007934       0x80 CMakeFiles/xbox_controller.dir/Middlewares/Third_Party/FreeRTOS/Source/tasks.c.obj
 .text.prvCheckTasksWaitingTermination
                0x080079b4       0x5c CMakeFiles/xbox_controller.dir/Middlewares/Third_Party/FreeRTOS/Source/tasks.c.obj
 .text.prvDeleteTCB
                0x08007a10       0x5e CMakeFiles/xbox_controller.dir/Middlewares/Third_Party/FreeRTOS/Source/tasks.c.obj
 *fill*         0x08007a6e        0x2 
 .text.prvResetNextTaskUnblockTime
                0x08007a70       0x40 CMakeFiles/xbox_controller.dir/Middlewares/Third_Party/FreeRTOS/Source/tasks.c.obj
 .text.xTaskGetSchedulerState
                0x08007ab0       0x3c CMakeFiles/xbox_controller.dir/Middlewares/Third_Party/FreeRTOS/Source/tasks.c.obj
                0x08007ab0                xTaskGetSchedulerState
 .text.xTaskPriorityDisinherit
                0x08007aec      0x10c CMakeFiles/xbox_controller.dir/Middlewares/Third_Party/FreeRTOS/Source/tasks.c.obj
                0x08007aec                xTaskPriorityDisinherit
 .text.prvAddCurrentTaskToDelayedList
                0x08007bf8       0xcc CMakeFiles/xbox_controller.dir/Middlewares/Third_Party/FreeRTOS/Source/tasks.c.obj
 .text.UI_Show  0x08007cc4       0xdc CMakeFiles/xbox_controller.dir/Module/UI/UI.c.obj
                0x08007cc4                UI_Show
 .text.UI_show_state
                0x08007da0      0x214 CMakeFiles/xbox_controller.dir/Module/UI/UI.c.obj
                0x08007da0                UI_show_state
 .text.Send_Frame
                0x08007fb4       0xf8 CMakeFiles/xbox_controller.dir/Module/code/code.c.obj
                0x08007fb4                Send_Frame
 .text.Receive_Frame
                0x080080ac       0xf4 CMakeFiles/xbox_controller.dir/Module/code/code.c.obj
                0x080080ac                Receive_Frame
 .text.UART_SendData
                0x080081a0      0x560 CMakeFiles/xbox_controller.dir/Module/code/code.c.obj
                0x080081a0                UART_SendData
 .text.UART_ReceiveInit
                0x08008700       0x2c CMakeFiles/xbox_controller.dir/Module/code/code.c.obj
                0x08008700                UART_ReceiveInit
 .text.HAL_UARTEx_RxEventCallback
                0x0800872c       0x30 CMakeFiles/xbox_controller.dir/Module/code/code.c.obj
                0x0800872c                HAL_UARTEx_RxEventCallback
 .text.HAL_ADC_ConvCpltCallback
                0x0800875c       0xf8 CMakeFiles/xbox_controller.dir/Module/joy/joy.c.obj
                0x0800875c                HAL_ADC_ConvCpltCallback
 .text.JOY_Init
                0x08008854       0x1c CMakeFiles/xbox_controller.dir/Module/joy/joy.c.obj
                0x08008854                JOY_Init
 .text.JOY_MID  0x08008870       0x20 CMakeFiles/xbox_controller.dir/Module/joy/joy.c.obj
                0x08008870                JOY_MID
 .text.LINE_CONTROL
                0x08008890       0xb4 CMakeFiles/xbox_controller.dir/Module/keyboard/key.c.obj
                0x08008890                LINE_CONTROL
 .text.COL_READ
                0x08008944       0x64 CMakeFiles/xbox_controller.dir/Module/keyboard/key.c.obj
                0x08008944                COL_READ
 .text.Key_save
                0x080089a8       0x84 CMakeFiles/xbox_controller.dir/Module/keyboard/key.c.obj
                0x080089a8                Key_save
 .text.key_read
                0x08008a2c      0x108 CMakeFiles/xbox_controller.dir/Module/keyboard/key.c.obj
                0x08008a2c                key_read
 .text.LCD_Fill
                0x08008b34       0x98 CMakeFiles/xbox_controller.dir/Module/lcd/GUI.c.obj
                0x08008b34                LCD_Fill
 .text.LCD_ShowChar
                0x08008bcc      0x1b8 CMakeFiles/xbox_controller.dir/Module/lcd/GUI.c.obj
                0x08008bcc                LCD_ShowChar
 .text.GUI_DrawFont16
                0x08008d84      0x17c CMakeFiles/xbox_controller.dir/Module/lcd/GUI.c.obj
                0x08008d84                GUI_DrawFont16
 .text.GUI_DrawFont24
                0x08008f00      0x164 CMakeFiles/xbox_controller.dir/Module/lcd/GUI.c.obj
                0x08008f00                GUI_DrawFont24
 .text.GUI_DrawFont32
                0x08009064      0x16c CMakeFiles/xbox_controller.dir/Module/lcd/GUI.c.obj
                0x08009064                GUI_DrawFont32
 .text.Show_Str
                0x080091d0      0x1a4 CMakeFiles/xbox_controller.dir/Module/lcd/GUI.c.obj
                0x080091d0                Show_Str
 .text.Gui_Drawbmp16
                0x08009374       0xc8 CMakeFiles/xbox_controller.dir/Module/lcd/GUI.c.obj
                0x08009374                Gui_Drawbmp16
 .text.LCD_WR_REG
                0x0800943c       0x40 CMakeFiles/xbox_controller.dir/Module/lcd/lcd.c.obj
                0x0800943c                LCD_WR_REG
 .text.LCD_WR_DATA
                0x0800947c       0x40 CMakeFiles/xbox_controller.dir/Module/lcd/lcd.c.obj
                0x0800947c                LCD_WR_DATA
 .text.LCD_WriteReg
                0x080094bc       0x2a CMakeFiles/xbox_controller.dir/Module/lcd/lcd.c.obj
                0x080094bc                LCD_WriteReg
 *fill*         0x080094e6        0x2 
 .text.LCD_WriteRAM_Prepare
                0x080094e8       0x18 CMakeFiles/xbox_controller.dir/Module/lcd/lcd.c.obj
                0x080094e8                LCD_WriteRAM_Prepare
 .text.Lcd_WriteData_16Bit
                0x08009500       0x64 CMakeFiles/xbox_controller.dir/Module/lcd/lcd.c.obj
                0x08009500                Lcd_WriteData_16Bit
 .text.LCD_DrawPoint
                0x08009564       0x34 CMakeFiles/xbox_controller.dir/Module/lcd/lcd.c.obj
                0x08009564                LCD_DrawPoint
 .text.LCD_Clear
                0x08009598       0x84 CMakeFiles/xbox_controller.dir/Module/lcd/lcd.c.obj
                0x08009598                LCD_Clear
 .text.LCD_GPIOInit
                0x0800961c       0xc4 CMakeFiles/xbox_controller.dir/Module/lcd/lcd.c.obj
                0x0800961c                LCD_GPIOInit
 .text.LCD_RESET
                0x080096e0       0x28 CMakeFiles/xbox_controller.dir/Module/lcd/lcd.c.obj
                0x080096e0                LCD_RESET
 .text.LCD_Init
                0x08009708      0x244 CMakeFiles/xbox_controller.dir/Module/lcd/lcd.c.obj
                0x08009708                LCD_Init
 .text.LCD_SetWindows
                0x0800994c       0x88 CMakeFiles/xbox_controller.dir/Module/lcd/lcd.c.obj
                0x0800994c                LCD_SetWindows
 .text.LCD_SetCursor
                0x080099d4       0x24 CMakeFiles/xbox_controller.dir/Module/lcd/lcd.c.obj
                0x080099d4                LCD_SetCursor
 .text.LCD_direction
                0x080099f8       0xa0 CMakeFiles/xbox_controller.dir/Module/lcd/lcd.c.obj
                0x080099f8                LCD_direction
 .text.Reset_Handler
                0x08009a98       0x50 CMakeFiles/xbox_controller.dir/startup_stm32f405xx.s.obj
                0x08009a98                Reset_Handler
 .text.Default_Handler
                0x08009ae8        0x2 CMakeFiles/xbox_controller.dir/startup_stm32f405xx.s.obj
                0x08009ae8                RTC_Alarm_IRQHandler
                0x08009ae8                HASH_RNG_IRQHandler
                0x08009ae8                EXTI2_IRQHandler
                0x08009ae8                TIM8_CC_IRQHandler
                0x08009ae8                TIM1_CC_IRQHandler
                0x08009ae8                DMA1_Stream5_IRQHandler
                0x08009ae8                PVD_IRQHandler
                0x08009ae8                SDIO_IRQHandler
                0x08009ae8                TAMP_STAMP_IRQHandler
                0x08009ae8                CAN2_RX1_IRQHandler
                0x08009ae8                EXTI3_IRQHandler
                0x08009ae8                TIM1_UP_TIM10_IRQHandler
                0x08009ae8                TIM8_UP_TIM13_IRQHandler
                0x08009ae8                I2C3_ER_IRQHandler
                0x08009ae8                EXTI0_IRQHandler
                0x08009ae8                I2C2_EV_IRQHandler
                0x08009ae8                DMA1_Stream2_IRQHandler
                0x08009ae8                CAN1_RX0_IRQHandler
                0x08009ae8                FPU_IRQHandler
                0x08009ae8                OTG_HS_WKUP_IRQHandler
                0x08009ae8                CAN2_SCE_IRQHandler
                0x08009ae8                SPI1_IRQHandler
                0x08009ae8                TIM6_DAC_IRQHandler
                0x08009ae8                TIM1_BRK_TIM9_IRQHandler
                0x08009ae8                CAN2_RX0_IRQHandler
                0x08009ae8                USART6_IRQHandler
                0x08009ae8                USART3_IRQHandler
                0x08009ae8                CAN1_RX1_IRQHandler
                0x08009ae8                UART5_IRQHandler
                0x08009ae8                TIM4_IRQHandler
                0x08009ae8                I2C1_EV_IRQHandler
                0x08009ae8                DMA1_Stream6_IRQHandler
                0x08009ae8                DMA1_Stream1_IRQHandler
                0x08009ae8                UART4_IRQHandler
                0x08009ae8                TIM3_IRQHandler
                0x08009ae8                RCC_IRQHandler
                0x08009ae8                TIM8_BRK_TIM12_IRQHandler
                0x08009ae8                Default_Handler
                0x08009ae8                EXTI15_10_IRQHandler
                0x08009ae8                ADC_IRQHandler
                0x08009ae8                DMA1_Stream7_IRQHandler
                0x08009ae8                TIM7_IRQHandler
                0x08009ae8                CAN2_TX_IRQHandler
                0x08009ae8                TIM5_IRQHandler
                0x08009ae8                I2C3_EV_IRQHandler
                0x08009ae8                EXTI9_5_IRQHandler
                0x08009ae8                RTC_WKUP_IRQHandler
                0x08009ae8                SPI2_IRQHandler
                0x08009ae8                OTG_HS_EP1_IN_IRQHandler
                0x08009ae8                DMA1_Stream0_IRQHandler
                0x08009ae8                CAN1_TX_IRQHandler
                0x08009ae8                EXTI4_IRQHandler
                0x08009ae8                FSMC_IRQHandler
                0x08009ae8                OTG_HS_EP1_OUT_IRQHandler
                0x08009ae8                WWDG_IRQHandler
                0x08009ae8                TIM2_IRQHandler
                0x08009ae8                OTG_FS_WKUP_IRQHandler
                0x08009ae8                TIM1_TRG_COM_TIM11_IRQHandler
                0x08009ae8                OTG_HS_IRQHandler
                0x08009ae8                EXTI1_IRQHandler
                0x08009ae8                USART2_IRQHandler
                0x08009ae8                I2C2_ER_IRQHandler
                0x08009ae8                DMA2_Stream1_IRQHandler
                0x08009ae8                CAN1_SCE_IRQHandler
                0x08009ae8                FLASH_IRQHandler
                0x08009ae8                DMA2_Stream4_IRQHandler
                0x08009ae8                OTG_FS_IRQHandler
                0x08009ae8                SPI3_IRQHandler
                0x08009ae8                DMA1_Stream4_IRQHandler
                0x08009ae8                I2C1_ER_IRQHandler
                0x08009ae8                DMA2_Stream6_IRQHandler
                0x08009ae8                DMA1_Stream3_IRQHandler
 .text.memcpy   0x08009aea       0x1c d:/gnuarm~1/102021~1.10/bin/../lib/gcc/arm-none-eabi/10.3.1/../../../../arm-none-eabi/lib/thumb/v7e-m+fp/hard\libg_nano.a(lib_a-memcpy-stub.o)
                0x08009aea                memcpy
 *(.glue_7)
 .glue_7        0x08009b06        0x0 linker stubs
 *(.glue_7t)
 .glue_7t       0x08009b06        0x0 linker stubs
 *(.eh_frame)
 *fill*         0x08009b06        0x2 
 .eh_frame      0x08009b08        0x0 d:/gnuarm~1/102021~1.10/bin/../lib/gcc/arm-none-eabi/10.3.1/thumb/v7e-m+fp/hard/crtbegin.o
 *(.init)
 .init          0x08009b08        0x4 d:/gnuarm~1/102021~1.10/bin/../lib/gcc/arm-none-eabi/10.3.1/thumb/v7e-m+fp/hard/crti.o
                0x08009b08                _init
 .init          0x08009b0c        0x8 d:/gnuarm~1/102021~1.10/bin/../lib/gcc/arm-none-eabi/10.3.1/thumb/v7e-m+fp/hard/crtn.o
 *(.fini)
 .fini          0x08009b14        0x4 d:/gnuarm~1/102021~1.10/bin/../lib/gcc/arm-none-eabi/10.3.1/thumb/v7e-m+fp/hard/crti.o
                0x08009b14                _fini
 .fini          0x08009b18        0x8 d:/gnuarm~1/102021~1.10/bin/../lib/gcc/arm-none-eabi/10.3.1/thumb/v7e-m+fp/hard/crtn.o
                0x08009b20                . = ALIGN (0x4)
                0x08009b20                _etext = .

.vfp11_veneer   0x08009b20        0x0
 .vfp11_veneer  0x08009b20        0x0 linker stubs

.v4_bx          0x08009b20        0x0
 .v4_bx         0x08009b20        0x0 linker stubs

.iplt           0x08009b20        0x0
 .iplt          0x08009b20        0x0 d:/gnuarm~1/102021~1.10/bin/../lib/gcc/arm-none-eabi/10.3.1/thumb/v7e-m+fp/hard/crtbegin.o

.rodata         0x08009b20     0x2918
                0x08009b20                . = ALIGN (0x4)
 *(.rodata)
 .rodata        0x08009b20       0x48 CMakeFiles/xbox_controller.dir/App/xbox.c.obj
 .rodata        0x08009b68       0x28 CMakeFiles/xbox_controller.dir/Core/Src/freertos.c.obj
 .rodata        0x08009b90        0x5 CMakeFiles/xbox_controller.dir/Middlewares/Third_Party/FreeRTOS/Source/tasks.c.obj
 *fill*         0x08009b95        0x3 
 .rodata        0x08009b98       0x3e CMakeFiles/xbox_controller.dir/Module/UI/UI.c.obj
 *(.rodata*)
 *fill*         0x08009bd6        0x2 
 .rodata.AHBPrescTable
                0x08009bd8       0x10 CMakeFiles/xbox_controller.dir/Core/Src/system_stm32f4xx.c.obj
                0x08009bd8                AHBPrescTable
 .rodata.APBPrescTable
                0x08009be8        0x8 CMakeFiles/xbox_controller.dir/Core/Src/system_stm32f4xx.c.obj
                0x08009be8                APBPrescTable
 .rodata.flagBitshiftOffset.0
                0x08009bf0        0x8 CMakeFiles/xbox_controller.dir/Drivers/STM32F4xx_HAL_Driver/Src/stm32f4xx_hal_dma.c.obj
 .rodata.asc2_1206
                0x08009bf8      0x474 CMakeFiles/xbox_controller.dir/Module/lcd/GUI.c.obj
                0x08009bf8                asc2_1206
 .rodata.asc2_1608
                0x0800a06c      0x5f0 CMakeFiles/xbox_controller.dir/Module/lcd/GUI.c.obj
                0x0800a06c                asc2_1608
 .rodata.tfont16
                0x0800a65c      0x572 CMakeFiles/xbox_controller.dir/Module/lcd/GUI.c.obj
                0x0800a65c                tfont16
 *fill*         0x0800abce        0x2 
 .rodata.tfont24
                0x0800abd0       0x94 CMakeFiles/xbox_controller.dir/Module/lcd/GUI.c.obj
                0x0800abd0                tfont24
 .rodata.tfont32
                0x0800ac64      0x104 CMakeFiles/xbox_controller.dir/Module/lcd/GUI.c.obj
                0x0800ac64                tfont32
 .rodata.gImage2
                0x0800ad68      0xc30 CMakeFiles/xbox_controller.dir/Module/lcd/GUI.c.obj
                0x0800ad68                gImage2
 .rodata.gImage1
                0x0800b998      0xaa0 CMakeFiles/xbox_controller.dir/Module/lcd/GUI.c.obj
                0x0800b998                gImage1
                0x0800c438                . = ALIGN (0x4)

.ARM.extab
 *(.ARM.extab* .gnu.linkonce.armextab.*)

.ARM            0x0800c438        0x8
                0x0800c438                __exidx_start = .
 *(.ARM.exidx*)
 .ARM.exidx     0x0800c438        0x8 d:/gnuarm~1/102021~1.10/bin/../lib/gcc/arm-none-eabi/10.3.1/thumb/v7e-m+fp/hard\libgcc.a(_udivmoddi4.o)
                0x0800c440                __exidx_end = .

.rel.dyn        0x0800c440        0x0
 .rel.iplt      0x0800c440        0x0 d:/gnuarm~1/102021~1.10/bin/../lib/gcc/arm-none-eabi/10.3.1/thumb/v7e-m+fp/hard/crtbegin.o

.preinit_array  0x0800c440        0x0
                0x0800c440                PROVIDE (__preinit_array_start = .)
 *(.preinit_array*)
                0x0800c440                PROVIDE (__preinit_array_end = .)

.init_array     0x0800c440        0x4
                0x0800c440                PROVIDE (__init_array_start = .)
 *(SORT_BY_NAME(.init_array.*))
 *(.init_array*)
 .init_array    0x0800c440        0x4 d:/gnuarm~1/102021~1.10/bin/../lib/gcc/arm-none-eabi/10.3.1/thumb/v7e-m+fp/hard/crtbegin.o
                0x0800c444                PROVIDE (__init_array_end = .)

.fini_array     0x0800c444        0x4
                [!provide]                PROVIDE (__fini_array_start = .)
 *(SORT_BY_NAME(.fini_array.*))
 *(.fini_array*)
 .fini_array    0x0800c444        0x4 d:/gnuarm~1/102021~1.10/bin/../lib/gcc/arm-none-eabi/10.3.1/thumb/v7e-m+fp/hard/crtbegin.o
                [!provide]                PROVIDE (__fini_array_end = .)
                0x0800c448                _sidata = LOADADDR (.data)

.data           0x20000000       0x14 load address 0x0800c448
                0x20000000                . = ALIGN (0x4)
                0x20000000                _sdata = .
 *(.data)
 *(.data*)
 .data.SystemCoreClock
                0x20000000        0x4 CMakeFiles/xbox_controller.dir/Core/Src/system_stm32f4xx.c.obj
                0x20000000                SystemCoreClock
 .data.uwTickPrio
                0x20000004        0x4 CMakeFiles/xbox_controller.dir/Drivers/STM32F4xx_HAL_Driver/Src/stm32f4xx_hal.c.obj
                0x20000004                uwTickPrio
 .data.uwTickFreq
                0x20000008        0x1 CMakeFiles/xbox_controller.dir/Drivers/STM32F4xx_HAL_Driver/Src/stm32f4xx_hal.c.obj
                0x20000008                uwTickFreq
 *fill*         0x20000009        0x3 
 .data.uxCriticalNesting
                0x2000000c        0x4 CMakeFiles/xbox_controller.dir/Middlewares/Third_Party/FreeRTOS/Source/portable/GCC/ARM_CM4F/port.c.obj
 .data.last_ros_flag
                0x20000010        0x1 CMakeFiles/xbox_controller.dir/Module/UI/UI.c.obj
                0x20000010                last_ros_flag
 .data.last_lock_finish
                0x20000011        0x1 CMakeFiles/xbox_controller.dir/Module/UI/UI.c.obj
                0x20000011                last_lock_finish
 .data.last_camera_flag
                0x20000012        0x1 CMakeFiles/xbox_controller.dir/Module/UI/UI.c.obj
                0x20000012                last_camera_flag
                0x20000014                . = ALIGN (0x4)
 *fill*         0x20000013        0x1 
                0x20000014                _edata = .
                0x0800c45c                _siccmram = LOADADDR (.ccmram)

.igot.plt       0x20000014        0x0 load address 0x0800c45c
 .igot.plt      0x20000014        0x0 d:/gnuarm~1/102021~1.10/bin/../lib/gcc/arm-none-eabi/10.3.1/thumb/v7e-m+fp/hard/crtbegin.o

.ccmram         0x10000000        0x0 load address 0x0800c45c
                0x10000000                . = ALIGN (0x4)
                0x10000000                _sccmram = .
 *(.ccmram)
 *(.ccmram*)
                0x10000000                . = ALIGN (0x4)
                0x10000000                _eccmram = .
                0x10000000                . = ALIGN (0x4)

.bss            0x20000014     0x4588
                0x20000014                _sbss = .
                0x20000014                __bss_start__ = _sbss
 *(.bss)
 .bss           0x20000014       0x1c d:/gnuarm~1/102021~1.10/bin/../lib/gcc/arm-none-eabi/10.3.1/thumb/v7e-m+fp/hard/crtbegin.o
 *(.bss*)
 .bss.ADC_RxPort
                0x20000030        0x4 CMakeFiles/xbox_controller.dir/App/data_pool.c.obj
                0x20000030                ADC_RxPort
 .bss.Uart_TxPort
                0x20000034        0x4 CMakeFiles/xbox_controller.dir/App/data_pool.c.obj
                0x20000034                Uart_TxPort
 .bss.KEY_TxPort
                0x20000038        0x4 CMakeFiles/xbox_controller.dir/App/data_pool.c.obj
                0x20000038                KEY_TxPort
 .bss.UI_Port   0x2000003c        0x4 CMakeFiles/xbox_controller.dir/App/data_pool.c.obj
                0x2000003c                UI_Port
 .bss.UI_init_Port
                0x20000040        0x4 CMakeFiles/xbox_controller.dir/App/data_pool.c.obj
                0x20000040                UI_init_Port
 .bss.UI_RosPORT
                0x20000044        0x4 CMakeFiles/xbox_controller.dir/App/data_pool.c.obj
                0x20000044                UI_RosPORT
 .bss.XboxControllerData
                0x20000048       0x44 CMakeFiles/xbox_controller.dir/App/xbox.c.obj
                0x20000048                XboxControllerData
 .bss.UI_Data   0x2000008c       0x48 CMakeFiles/xbox_controller.dir/App/xbox.c.obj
                0x2000008c                UI_Data
 .bss.UI_Data_init
                0x200000d4       0x48 CMakeFiles/xbox_controller.dir/App/xbox.c.obj
                0x200000d4                UI_Data_init
 .bss.ui_ros    0x2000011c        0x8 CMakeFiles/xbox_controller.dir/App/xbox.c.obj
                0x2000011c                ui_ros
 .bss.init_finish_flag
                0x20000124        0x1 CMakeFiles/xbox_controller.dir/App/xbox.c.obj
                0x20000124                init_finish_flag
 *fill*         0x20000125        0x3 
 .bss.joy_mid_check
                0x20000128        0xc CMakeFiles/xbox_controller.dir/App/xbox.c.obj
                0x20000128                joy_mid_check
 .bss.StateGetTaskHandle
                0x20000134        0x4 CMakeFiles/xbox_controller.dir/App/xbox.c.obj
                0x20000134                StateGetTaskHandle
 .bss.UITaskHandle
                0x20000138        0x4 CMakeFiles/xbox_controller.dir/App/xbox.c.obj
                0x20000138                UITaskHandle
 .bss.hadc1     0x2000013c       0x48 CMakeFiles/xbox_controller.dir/Core/Src/adc.c.obj
                0x2000013c                hadc1
 .bss.hdma_adc1
                0x20000184       0x60 CMakeFiles/xbox_controller.dir/Core/Src/adc.c.obj
                0x20000184                hdma_adc1
 .bss.defaultTaskHandle
                0x200001e4        0x4 CMakeFiles/xbox_controller.dir/Core/Src/freertos.c.obj
                0x200001e4                defaultTaskHandle
 .bss.xIdleTaskTCBBuffer
                0x200001e8       0x54 CMakeFiles/xbox_controller.dir/Core/Src/freertos.c.obj
 .bss.xIdleStack
                0x2000023c      0x200 CMakeFiles/xbox_controller.dir/Core/Src/freertos.c.obj
 .bss.hspi1     0x2000043c       0x58 CMakeFiles/xbox_controller.dir/Core/Src/spi.c.obj
                0x2000043c                hspi1
 .bss.hspi2     0x20000494       0x58 CMakeFiles/xbox_controller.dir/Core/Src/spi.c.obj
                0x20000494                hspi2
 .bss.hdma_spi1_rx
                0x200004ec       0x60 CMakeFiles/xbox_controller.dir/Core/Src/spi.c.obj
                0x200004ec                hdma_spi1_rx
 .bss.hdma_spi1_tx
                0x2000054c       0x60 CMakeFiles/xbox_controller.dir/Core/Src/spi.c.obj
                0x2000054c                hdma_spi1_tx
 .bss.htim14    0x200005ac       0x48 CMakeFiles/xbox_controller.dir/Core/Src/stm32f4xx_hal_timebase_tim.c.obj
                0x200005ac                htim14
 .bss.htim2     0x200005f4       0x48 CMakeFiles/xbox_controller.dir/Core/Src/tim.c.obj
                0x200005f4                htim2
 .bss.huart1    0x2000063c       0x48 CMakeFiles/xbox_controller.dir/Core/Src/usart.c.obj
                0x2000063c                huart1
 .bss.hdma_usart1_rx
                0x20000684       0x60 CMakeFiles/xbox_controller.dir/Core/Src/usart.c.obj
                0x20000684                hdma_usart1_rx
 .bss.hdma_usart1_tx
                0x200006e4       0x60 CMakeFiles/xbox_controller.dir/Core/Src/usart.c.obj
                0x200006e4                hdma_usart1_tx
 .bss.uwTick    0x20000744        0x4 CMakeFiles/xbox_controller.dir/Drivers/STM32F4xx_HAL_Driver/Src/stm32f4xx_hal.c.obj
                0x20000744                uwTick
 .bss.ucMaxSysCallPriority
                0x20000748        0x1 CMakeFiles/xbox_controller.dir/Middlewares/Third_Party/FreeRTOS/Source/portable/GCC/ARM_CM4F/port.c.obj
 *fill*         0x20000749        0x3 
 .bss.ulMaxPRIGROUPValue
                0x2000074c        0x4 CMakeFiles/xbox_controller.dir/Middlewares/Third_Party/FreeRTOS/Source/portable/GCC/ARM_CM4F/port.c.obj
 .bss.ucHeap    0x20000750     0x3c00 CMakeFiles/xbox_controller.dir/Middlewares/Third_Party/FreeRTOS/Source/portable/MemMang/heap_4.c.obj
 .bss.xStart    0x20004350        0x8 CMakeFiles/xbox_controller.dir/Middlewares/Third_Party/FreeRTOS/Source/portable/MemMang/heap_4.c.obj
 .bss.pxEnd     0x20004358        0x4 CMakeFiles/xbox_controller.dir/Middlewares/Third_Party/FreeRTOS/Source/portable/MemMang/heap_4.c.obj
 .bss.xFreeBytesRemaining
                0x2000435c        0x4 CMakeFiles/xbox_controller.dir/Middlewares/Third_Party/FreeRTOS/Source/portable/MemMang/heap_4.c.obj
 .bss.xMinimumEverFreeBytesRemaining
                0x20004360        0x4 CMakeFiles/xbox_controller.dir/Middlewares/Third_Party/FreeRTOS/Source/portable/MemMang/heap_4.c.obj
 .bss.xNumberOfSuccessfulAllocations
                0x20004364        0x4 CMakeFiles/xbox_controller.dir/Middlewares/Third_Party/FreeRTOS/Source/portable/MemMang/heap_4.c.obj
 .bss.xNumberOfSuccessfulFrees
                0x20004368        0x4 CMakeFiles/xbox_controller.dir/Middlewares/Third_Party/FreeRTOS/Source/portable/MemMang/heap_4.c.obj
 .bss.xBlockAllocatedBit
                0x2000436c        0x4 CMakeFiles/xbox_controller.dir/Middlewares/Third_Party/FreeRTOS/Source/portable/MemMang/heap_4.c.obj
 .bss.pxCurrentTCB
                0x20004370        0x4 CMakeFiles/xbox_controller.dir/Middlewares/Third_Party/FreeRTOS/Source/tasks.c.obj
                0x20004370                pxCurrentTCB
 .bss.pxReadyTasksLists
                0x20004374       0x8c CMakeFiles/xbox_controller.dir/Middlewares/Third_Party/FreeRTOS/Source/tasks.c.obj
 .bss.xDelayedTaskList1
                0x20004400       0x14 CMakeFiles/xbox_controller.dir/Middlewares/Third_Party/FreeRTOS/Source/tasks.c.obj
 .bss.xDelayedTaskList2
                0x20004414       0x14 CMakeFiles/xbox_controller.dir/Middlewares/Third_Party/FreeRTOS/Source/tasks.c.obj
 .bss.pxDelayedTaskList
                0x20004428        0x4 CMakeFiles/xbox_controller.dir/Middlewares/Third_Party/FreeRTOS/Source/tasks.c.obj
 .bss.pxOverflowDelayedTaskList
                0x2000442c        0x4 CMakeFiles/xbox_controller.dir/Middlewares/Third_Party/FreeRTOS/Source/tasks.c.obj
 .bss.xPendingReadyList
                0x20004430       0x14 CMakeFiles/xbox_controller.dir/Middlewares/Third_Party/FreeRTOS/Source/tasks.c.obj
 .bss.xTasksWaitingTermination
                0x20004444       0x14 CMakeFiles/xbox_controller.dir/Middlewares/Third_Party/FreeRTOS/Source/tasks.c.obj
 .bss.uxDeletedTasksWaitingCleanUp
                0x20004458        0x4 CMakeFiles/xbox_controller.dir/Middlewares/Third_Party/FreeRTOS/Source/tasks.c.obj
 .bss.xSuspendedTaskList
                0x2000445c       0x14 CMakeFiles/xbox_controller.dir/Middlewares/Third_Party/FreeRTOS/Source/tasks.c.obj
 .bss.uxCurrentNumberOfTasks
                0x20004470        0x4 CMakeFiles/xbox_controller.dir/Middlewares/Third_Party/FreeRTOS/Source/tasks.c.obj
 .bss.xTickCount
                0x20004474        0x4 CMakeFiles/xbox_controller.dir/Middlewares/Third_Party/FreeRTOS/Source/tasks.c.obj
 .bss.uxTopReadyPriority
                0x20004478        0x4 CMakeFiles/xbox_controller.dir/Middlewares/Third_Party/FreeRTOS/Source/tasks.c.obj
 .bss.xSchedulerRunning
                0x2000447c        0x4 CMakeFiles/xbox_controller.dir/Middlewares/Third_Party/FreeRTOS/Source/tasks.c.obj
 .bss.xPendedTicks
                0x20004480        0x4 CMakeFiles/xbox_controller.dir/Middlewares/Third_Party/FreeRTOS/Source/tasks.c.obj
 .bss.xYieldPending
                0x20004484        0x4 CMakeFiles/xbox_controller.dir/Middlewares/Third_Party/FreeRTOS/Source/tasks.c.obj
 .bss.xNumOfOverflows
                0x20004488        0x4 CMakeFiles/xbox_controller.dir/Middlewares/Third_Party/FreeRTOS/Source/tasks.c.obj
 .bss.uxTaskNumber
                0x2000448c        0x4 CMakeFiles/xbox_controller.dir/Middlewares/Third_Party/FreeRTOS/Source/tasks.c.obj
 .bss.xNextTaskUnblockTime
                0x20004490        0x4 CMakeFiles/xbox_controller.dir/Middlewares/Third_Party/FreeRTOS/Source/tasks.c.obj
 .bss.xIdleTaskHandle
                0x20004494        0x4 CMakeFiles/xbox_controller.dir/Middlewares/Third_Party/FreeRTOS/Source/tasks.c.obj
 .bss.uxSchedulerSuspended
                0x20004498        0x4 CMakeFiles/xbox_controller.dir/Middlewares/Third_Party/FreeRTOS/Source/tasks.c.obj
 .bss.UI_Flag   0x2000449c        0x1 CMakeFiles/xbox_controller.dir/Module/UI/UI.c.obj
                0x2000449c                UI_Flag
 *fill*         0x2000449d        0x3 
 .bss.check_code
                0x200044a0        0x2 CMakeFiles/xbox_controller.dir/Module/code/code.c.obj
                0x200044a0                check_code
 *fill*         0x200044a2        0x2 
 .bss.ui_world_x
                0x200044a4        0x4 CMakeFiles/xbox_controller.dir/Module/code/code.c.obj
                0x200044a4                ui_world_x
 .bss.ui_world_y
                0x200044a8        0x4 CMakeFiles/xbox_controller.dir/Module/code/code.c.obj
                0x200044a8                ui_world_y
 .bss.ui_data_tensile
                0x200044ac        0x4 CMakeFiles/xbox_controller.dir/Module/code/code.c.obj
                0x200044ac                ui_data_tensile
 .bss.ros_data  0x200044b0        0x4 CMakeFiles/xbox_controller.dir/Module/code/code.c.obj
                0x200044b0                ros_data
 .bss.adcValue  0x200044b4        0xc CMakeFiles/xbox_controller.dir/Module/code/code.c.obj
                0x200044b4                adcValue
 .bss.xbox_msg  0x200044c0       0x2b CMakeFiles/xbox_controller.dir/Module/code/code.c.obj
                0x200044c0                xbox_msg
 *fill*         0x200044eb        0x1 
 .bss.joy_mid   0x200044ec        0xc CMakeFiles/xbox_controller.dir/Module/code/code.c.obj
                0x200044ec                joy_mid
 .bss.ui_ros_data
                0x200044f8        0x8 CMakeFiles/xbox_controller.dir/Module/code/code.c.obj
                0x200044f8                ui_ros_data
 .bss.usart1_rx_buf
                0x20004500       0x64 CMakeFiles/xbox_controller.dir/Module/code/code.c.obj
                0x20004500                usart1_rx_buf
 .bss.adc_value
                0x20004564        0xc CMakeFiles/xbox_controller.dir/Module/joy/joy.c.obj
                0x20004564                adc_value
 .bss.adc_value_aver
                0x20004570        0xc CMakeFiles/xbox_controller.dir/Module/joy/joy.c.obj
                0x20004570                adc_value_aver
 .bss.adc_init  0x2000457c        0xc CMakeFiles/xbox_controller.dir/Module/joy/joy.c.obj
                0x2000457c                adc_init
 .bss.aver_count
                0x20004588        0x1 CMakeFiles/xbox_controller.dir/Module/joy/joy.c.obj
                0x20004588                aver_count
 .bss.adc_check
                0x20004589        0x1 CMakeFiles/xbox_controller.dir/Module/joy/joy.c.obj
                0x20004589                adc_check
 *fill*         0x2000458a        0x2 
 .bss.lcddev    0x2000458c        0xe CMakeFiles/xbox_controller.dir/Module/lcd/lcd.c.obj
                0x2000458c                lcddev
 .bss.POINT_COLOR
                0x2000459a        0x2 CMakeFiles/xbox_controller.dir/Module/lcd/lcd.c.obj
                0x2000459a                POINT_COLOR
 *(COMMON)
                0x2000459c                . = ALIGN (0x4)
                0x2000459c                _ebss = .
                0x2000459c                __bss_end__ = _ebss

._user_heap_stack
                0x2000459c      0x604
                0x200045a0                . = ALIGN (0x8)
 *fill*         0x2000459c        0x4 
                [!provide]                PROVIDE (end = .)
                0x200045a0                PROVIDE (_end = .)
                0x200047a0                . = (. + _Min_Heap_Size)
 *fill*         0x200045a0      0x200 
                0x20004ba0                . = (. + _Min_Stack_Size)
 *fill*         0x200047a0      0x400 
                0x20004ba0                . = ALIGN (0x8)

/DISCARD/
 libc.a(*)
 libm.a(*)
 libgcc.a(*)
OUTPUT(xbox_controller.elf elf32-littlearm)
LOAD linker stubs
LOAD d:/gnuarm~1/102021~1.10/bin/../lib/gcc/arm-none-eabi/10.3.1/../../../../arm-none-eabi/lib/thumb/v7e-m+fp/hard\libc.a
LOAD d:/gnuarm~1/102021~1.10/bin/../lib/gcc/arm-none-eabi/10.3.1/../../../../arm-none-eabi/lib/thumb/v7e-m+fp/hard\libm.a
LOAD d:/gnuarm~1/102021~1.10/bin/../lib/gcc/arm-none-eabi/10.3.1/thumb/v7e-m+fp/hard\libgcc.a

.ARM.attributes
                0x00000000       0x30
 .ARM.attributes
                0x00000000       0x1e d:/gnuarm~1/102021~1.10/bin/../lib/gcc/arm-none-eabi/10.3.1/thumb/v7e-m+fp/hard/crti.o
 .ARM.attributes
                0x0000001e       0x34 d:/gnuarm~1/102021~1.10/bin/../lib/gcc/arm-none-eabi/10.3.1/thumb/v7e-m+fp/hard/crtbegin.o
 .ARM.attributes
                0x00000052       0x34 d:/gnuarm~1/102021~1.10/bin/../lib/gcc/arm-none-eabi/10.3.1/../../../../arm-none-eabi/lib/thumb/v7e-m+fp/hard\libc_nano.a(lib_a-init.o)
 .ARM.attributes
                0x00000086       0x34 d:/gnuarm~1/102021~1.10/bin/../lib/gcc/arm-none-eabi/10.3.1/../../../../arm-none-eabi/lib/thumb/v7e-m+fp/hard\libc_nano.a(lib_a-memset.o)
 .ARM.attributes
                0x000000ba       0x34 CMakeFiles/xbox_controller.dir/App/data_pool.c.obj
 .ARM.attributes
                0x000000ee       0x34 CMakeFiles/xbox_controller.dir/App/xbox.c.obj
 .ARM.attributes
                0x00000122       0x34 CMakeFiles/xbox_controller.dir/Core/Src/adc.c.obj
 .ARM.attributes
                0x00000156       0x34 CMakeFiles/xbox_controller.dir/Core/Src/dma.c.obj
 .ARM.attributes
                0x0000018a       0x34 CMakeFiles/xbox_controller.dir/Core/Src/freertos.c.obj
 .ARM.attributes
                0x000001be       0x34 CMakeFiles/xbox_controller.dir/Core/Src/gpio.c.obj
 .ARM.attributes
                0x000001f2       0x34 CMakeFiles/xbox_controller.dir/Core/Src/main.c.obj
 .ARM.attributes
                0x00000226       0x34 CMakeFiles/xbox_controller.dir/Core/Src/spi.c.obj
 .ARM.attributes
                0x0000025a       0x34 CMakeFiles/xbox_controller.dir/Core/Src/stm32f4xx_hal_msp.c.obj
 .ARM.attributes
                0x0000028e       0x34 CMakeFiles/xbox_controller.dir/Core/Src/stm32f4xx_hal_timebase_tim.c.obj
 .ARM.attributes
                0x000002c2       0x34 CMakeFiles/xbox_controller.dir/Core/Src/stm32f4xx_it.c.obj
 .ARM.attributes
                0x000002f6       0x34 CMakeFiles/xbox_controller.dir/Core/Src/system_stm32f4xx.c.obj
 .ARM.attributes
                0x0000032a       0x34 CMakeFiles/xbox_controller.dir/Core/Src/tim.c.obj
 .ARM.attributes
                0x0000035e       0x34 CMakeFiles/xbox_controller.dir/Core/Src/usart.c.obj
 .ARM.attributes
                0x00000392       0x34 CMakeFiles/xbox_controller.dir/Drivers/STM32F4xx_HAL_Driver/Src/stm32f4xx_hal.c.obj
 .ARM.attributes
                0x000003c6       0x34 CMakeFiles/xbox_controller.dir/Drivers/STM32F4xx_HAL_Driver/Src/stm32f4xx_hal_adc.c.obj
 .ARM.attributes
                0x000003fa       0x34 CMakeFiles/xbox_controller.dir/Drivers/STM32F4xx_HAL_Driver/Src/stm32f4xx_hal_cortex.c.obj
 .ARM.attributes
                0x0000042e       0x34 CMakeFiles/xbox_controller.dir/Drivers/STM32F4xx_HAL_Driver/Src/stm32f4xx_hal_dma.c.obj
 .ARM.attributes
                0x00000462       0x34 CMakeFiles/xbox_controller.dir/Drivers/STM32F4xx_HAL_Driver/Src/stm32f4xx_hal_gpio.c.obj
 .ARM.attributes
                0x00000496       0x34 CMakeFiles/xbox_controller.dir/Drivers/STM32F4xx_HAL_Driver/Src/stm32f4xx_hal_rcc.c.obj
 .ARM.attributes
                0x000004ca       0x34 CMakeFiles/xbox_controller.dir/Drivers/STM32F4xx_HAL_Driver/Src/stm32f4xx_hal_spi.c.obj
 .ARM.attributes
                0x000004fe       0x34 CMakeFiles/xbox_controller.dir/Drivers/STM32F4xx_HAL_Driver/Src/stm32f4xx_hal_tim.c.obj
 .ARM.attributes
                0x00000532       0x34 CMakeFiles/xbox_controller.dir/Drivers/STM32F4xx_HAL_Driver/Src/stm32f4xx_hal_tim_ex.c.obj
 .ARM.attributes
                0x00000566       0x34 CMakeFiles/xbox_controller.dir/Drivers/STM32F4xx_HAL_Driver/Src/stm32f4xx_hal_uart.c.obj
 .ARM.attributes
                0x0000059a       0x34 CMakeFiles/xbox_controller.dir/Middlewares/Third_Party/FreeRTOS/Source/CMSIS_RTOS/cmsis_os.c.obj
 .ARM.attributes
                0x000005ce       0x34 CMakeFiles/xbox_controller.dir/Middlewares/Third_Party/FreeRTOS/Source/list.c.obj
 .ARM.attributes
                0x00000602       0x34 CMakeFiles/xbox_controller.dir/Middlewares/Third_Party/FreeRTOS/Source/portable/GCC/ARM_CM4F/port.c.obj
 .ARM.attributes
                0x00000636       0x34 CMakeFiles/xbox_controller.dir/Middlewares/Third_Party/FreeRTOS/Source/portable/MemMang/heap_4.c.obj
 .ARM.attributes
                0x0000066a       0x34 CMakeFiles/xbox_controller.dir/Middlewares/Third_Party/FreeRTOS/Source/queue.c.obj
 .ARM.attributes
                0x0000069e       0x34 CMakeFiles/xbox_controller.dir/Middlewares/Third_Party/FreeRTOS/Source/tasks.c.obj
 .ARM.attributes
                0x000006d2       0x34 CMakeFiles/xbox_controller.dir/Module/UI/UI.c.obj
 .ARM.attributes
                0x00000706       0x34 CMakeFiles/xbox_controller.dir/Module/code/code.c.obj
 .ARM.attributes
                0x0000073a       0x34 CMakeFiles/xbox_controller.dir/Module/joy/joy.c.obj
 .ARM.attributes
                0x0000076e       0x34 CMakeFiles/xbox_controller.dir/Module/keyboard/key.c.obj
 .ARM.attributes
                0x000007a2       0x34 CMakeFiles/xbox_controller.dir/Module/lcd/GUI.c.obj
 .ARM.attributes
                0x000007d6       0x34 CMakeFiles/xbox_controller.dir/Module/lcd/lcd.c.obj
 .ARM.attributes
                0x0000080a       0x21 CMakeFiles/xbox_controller.dir/startup_stm32f405xx.s.obj
 .ARM.attributes
                0x0000082b       0x1e d:/gnuarm~1/102021~1.10/bin/../lib/gcc/arm-none-eabi/10.3.1/thumb/v7e-m+fp/hard\libgcc.a(_arm_muldf3.o)
 .ARM.attributes
                0x00000849       0x1e d:/gnuarm~1/102021~1.10/bin/../lib/gcc/arm-none-eabi/10.3.1/thumb/v7e-m+fp/hard\libgcc.a(_arm_addsubdf3.o)
 .ARM.attributes
                0x00000867       0x1e d:/gnuarm~1/102021~1.10/bin/../lib/gcc/arm-none-eabi/10.3.1/thumb/v7e-m+fp/hard\libgcc.a(_arm_fixdfsi.o)
 .ARM.attributes
                0x00000885       0x1e d:/gnuarm~1/102021~1.10/bin/../lib/gcc/arm-none-eabi/10.3.1/thumb/v7e-m+fp/hard\libgcc.a(_aeabi_uldivmod.o)
 .ARM.attributes
                0x000008a3       0x34 d:/gnuarm~1/102021~1.10/bin/../lib/gcc/arm-none-eabi/10.3.1/thumb/v7e-m+fp/hard\libgcc.a(_udivmoddi4.o)
 .ARM.attributes
                0x000008d7       0x1e d:/gnuarm~1/102021~1.10/bin/../lib/gcc/arm-none-eabi/10.3.1/thumb/v7e-m+fp/hard\libgcc.a(_dvmd_tls.o)
 .ARM.attributes
                0x000008f5       0x34 d:/gnuarm~1/102021~1.10/bin/../lib/gcc/arm-none-eabi/10.3.1/../../../../arm-none-eabi/lib/thumb/v7e-m+fp/hard\libg_nano.a(lib_a-memcpy-stub.o)
 .ARM.attributes
                0x00000929       0x1e d:/gnuarm~1/102021~1.10/bin/../lib/gcc/arm-none-eabi/10.3.1/thumb/v7e-m+fp/hard/crtn.o

.comment        0x00000000       0x49
 .comment       0x00000000       0x49 CMakeFiles/xbox_controller.dir/App/data_pool.c.obj
                                 0x4a (size before relaxing)
 .comment       0x00000049       0x4a CMakeFiles/xbox_controller.dir/App/xbox.c.obj
 .comment       0x00000049       0x4a CMakeFiles/xbox_controller.dir/Core/Src/adc.c.obj
 .comment       0x00000049       0x4a CMakeFiles/xbox_controller.dir/Core/Src/dma.c.obj
 .comment       0x00000049       0x4a CMakeFiles/xbox_controller.dir/Core/Src/freertos.c.obj
 .comment       0x00000049       0x4a CMakeFiles/xbox_controller.dir/Core/Src/gpio.c.obj
 .comment       0x00000049       0x4a CMakeFiles/xbox_controller.dir/Core/Src/main.c.obj
 .comment       0x00000049       0x4a CMakeFiles/xbox_controller.dir/Core/Src/spi.c.obj
 .comment       0x00000049       0x4a CMakeFiles/xbox_controller.dir/Core/Src/stm32f4xx_hal_msp.c.obj
 .comment       0x00000049       0x4a CMakeFiles/xbox_controller.dir/Core/Src/stm32f4xx_hal_timebase_tim.c.obj
 .comment       0x00000049       0x4a CMakeFiles/xbox_controller.dir/Core/Src/stm32f4xx_it.c.obj
 .comment       0x00000049       0x4a CMakeFiles/xbox_controller.dir/Core/Src/system_stm32f4xx.c.obj
 .comment       0x00000049       0x4a CMakeFiles/xbox_controller.dir/Core/Src/tim.c.obj
 .comment       0x00000049       0x4a CMakeFiles/xbox_controller.dir/Core/Src/usart.c.obj
 .comment       0x00000049       0x4a CMakeFiles/xbox_controller.dir/Drivers/STM32F4xx_HAL_Driver/Src/stm32f4xx_hal.c.obj
 .comment       0x00000049       0x4a CMakeFiles/xbox_controller.dir/Drivers/STM32F4xx_HAL_Driver/Src/stm32f4xx_hal_adc.c.obj
 .comment       0x00000049       0x4a CMakeFiles/xbox_controller.dir/Drivers/STM32F4xx_HAL_Driver/Src/stm32f4xx_hal_cortex.c.obj
 .comment       0x00000049       0x4a CMakeFiles/xbox_controller.dir/Drivers/STM32F4xx_HAL_Driver/Src/stm32f4xx_hal_dma.c.obj
 .comment       0x00000049       0x4a CMakeFiles/xbox_controller.dir/Drivers/STM32F4xx_HAL_Driver/Src/stm32f4xx_hal_gpio.c.obj
 .comment       0x00000049       0x4a CMakeFiles/xbox_controller.dir/Drivers/STM32F4xx_HAL_Driver/Src/stm32f4xx_hal_rcc.c.obj
 .comment       0x00000049       0x4a CMakeFiles/xbox_controller.dir/Drivers/STM32F4xx_HAL_Driver/Src/stm32f4xx_hal_spi.c.obj
 .comment       0x00000049       0x4a CMakeFiles/xbox_controller.dir/Drivers/STM32F4xx_HAL_Driver/Src/stm32f4xx_hal_tim.c.obj
 .comment       0x00000049       0x4a CMakeFiles/xbox_controller.dir/Drivers/STM32F4xx_HAL_Driver/Src/stm32f4xx_hal_tim_ex.c.obj
 .comment       0x00000049       0x4a CMakeFiles/xbox_controller.dir/Drivers/STM32F4xx_HAL_Driver/Src/stm32f4xx_hal_uart.c.obj
 .comment       0x00000049       0x4a CMakeFiles/xbox_controller.dir/Middlewares/Third_Party/FreeRTOS/Source/CMSIS_RTOS/cmsis_os.c.obj
 .comment       0x00000049       0x4a CMakeFiles/xbox_controller.dir/Middlewares/Third_Party/FreeRTOS/Source/list.c.obj
 .comment       0x00000049       0x4a CMakeFiles/xbox_controller.dir/Middlewares/Third_Party/FreeRTOS/Source/portable/GCC/ARM_CM4F/port.c.obj
 .comment       0x00000049       0x4a CMakeFiles/xbox_controller.dir/Middlewares/Third_Party/FreeRTOS/Source/portable/MemMang/heap_4.c.obj
 .comment       0x00000049       0x4a CMakeFiles/xbox_controller.dir/Middlewares/Third_Party/FreeRTOS/Source/queue.c.obj
 .comment       0x00000049       0x4a CMakeFiles/xbox_controller.dir/Middlewares/Third_Party/FreeRTOS/Source/tasks.c.obj
 .comment       0x00000049       0x4a CMakeFiles/xbox_controller.dir/Module/UI/UI.c.obj
 .comment       0x00000049       0x4a CMakeFiles/xbox_controller.dir/Module/code/code.c.obj
 .comment       0x00000049       0x4a CMakeFiles/xbox_controller.dir/Module/joy/joy.c.obj
 .comment       0x00000049       0x4a CMakeFiles/xbox_controller.dir/Module/keyboard/key.c.obj
 .comment       0x00000049       0x4a CMakeFiles/xbox_controller.dir/Module/lcd/GUI.c.obj
 .comment       0x00000049       0x4a CMakeFiles/xbox_controller.dir/Module/lcd/lcd.c.obj

.debug_frame    0x00000000     0x64c0
 .debug_frame   0x00000000       0x2c d:/gnuarm~1/102021~1.10/bin/../lib/gcc/arm-none-eabi/10.3.1/../../../../arm-none-eabi/lib/thumb/v7e-m+fp/hard\libc_nano.a(lib_a-init.o)
 .debug_frame   0x0000002c       0x20 d:/gnuarm~1/102021~1.10/bin/../lib/gcc/arm-none-eabi/10.3.1/../../../../arm-none-eabi/lib/thumb/v7e-m+fp/hard\libc_nano.a(lib_a-memset.o)
 .debug_frame   0x0000004c       0x2c CMakeFiles/xbox_controller.dir/App/data_pool.c.obj
 .debug_frame   0x00000078       0xd4 CMakeFiles/xbox_controller.dir/App/xbox.c.obj
 .debug_frame   0x0000014c       0x7c CMakeFiles/xbox_controller.dir/Core/Src/adc.c.obj
 .debug_frame   0x000001c8       0x34 CMakeFiles/xbox_controller.dir/Core/Src/dma.c.obj
 .debug_frame   0x000001fc       0x80 CMakeFiles/xbox_controller.dir/Core/Src/freertos.c.obj
 .debug_frame   0x0000027c       0x34 CMakeFiles/xbox_controller.dir/Core/Src/gpio.c.obj
 .debug_frame   0x000002b0       0x8c CMakeFiles/xbox_controller.dir/Core/Src/main.c.obj
 .debug_frame   0x0000033c       0x90 CMakeFiles/xbox_controller.dir/Core/Src/spi.c.obj
 .debug_frame   0x000003cc       0x34 CMakeFiles/xbox_controller.dir/Core/Src/stm32f4xx_hal_msp.c.obj
 .debug_frame   0x00000400       0x74 CMakeFiles/xbox_controller.dir/Core/Src/stm32f4xx_hal_timebase_tim.c.obj
 .debug_frame   0x00000474      0x16c CMakeFiles/xbox_controller.dir/Core/Src/stm32f4xx_it.c.obj
 .debug_frame   0x000005e0       0x58 CMakeFiles/xbox_controller.dir/Core/Src/system_stm32f4xx.c.obj
 .debug_frame   0x00000638       0x84 CMakeFiles/xbox_controller.dir/Core/Src/tim.c.obj
 .debug_frame   0x000006bc       0x74 CMakeFiles/xbox_controller.dir/Core/Src/usart.c.obj
 .debug_frame   0x00000730      0x374 CMakeFiles/xbox_controller.dir/Drivers/STM32F4xx_HAL_Driver/Src/stm32f4xx_hal.c.obj
 .debug_frame   0x00000aa4      0x3fc CMakeFiles/xbox_controller.dir/Drivers/STM32F4xx_HAL_Driver/Src/stm32f4xx_hal_adc.c.obj
 .debug_frame   0x00000ea0      0x508 CMakeFiles/xbox_controller.dir/Drivers/STM32F4xx_HAL_Driver/Src/stm32f4xx_hal_cortex.c.obj
 .debug_frame   0x000013a8      0x250 CMakeFiles/xbox_controller.dir/Drivers/STM32F4xx_HAL_Driver/Src/stm32f4xx_hal_dma.c.obj
 .debug_frame   0x000015f8      0x14c CMakeFiles/xbox_controller.dir/Drivers/STM32F4xx_HAL_Driver/Src/stm32f4xx_hal_gpio.c.obj
 .debug_frame   0x00001744      0x1f4 CMakeFiles/xbox_controller.dir/Drivers/STM32F4xx_HAL_Driver/Src/stm32f4xx_hal_rcc.c.obj
 .debug_frame   0x00001938      0x828 CMakeFiles/xbox_controller.dir/Drivers/STM32F4xx_HAL_Driver/Src/stm32f4xx_hal_spi.c.obj
 .debug_frame   0x00002160     0x11c0 CMakeFiles/xbox_controller.dir/Drivers/STM32F4xx_HAL_Driver/Src/stm32f4xx_hal_tim.c.obj
 .debug_frame   0x00003320      0x638 CMakeFiles/xbox_controller.dir/Drivers/STM32F4xx_HAL_Driver/Src/stm32f4xx_hal_tim_ex.c.obj
 .debug_frame   0x00003958      0x954 CMakeFiles/xbox_controller.dir/Drivers/STM32F4xx_HAL_Driver/Src/stm32f4xx_hal_uart.c.obj
 .debug_frame   0x000042ac      0x80c CMakeFiles/xbox_controller.dir/Middlewares/Third_Party/FreeRTOS/Source/CMSIS_RTOS/cmsis_os.c.obj
 .debug_frame   0x00004ab8       0xd8 CMakeFiles/xbox_controller.dir/Middlewares/Third_Party/FreeRTOS/Source/list.c.obj
 .debug_frame   0x00004b90      0x1a8 CMakeFiles/xbox_controller.dir/Middlewares/Third_Party/FreeRTOS/Source/portable/GCC/ARM_CM4F/port.c.obj
 .debug_frame   0x00004d38      0x12c CMakeFiles/xbox_controller.dir/Middlewares/Third_Party/FreeRTOS/Source/portable/MemMang/heap_4.c.obj
 .debug_frame   0x00004e64      0x46c CMakeFiles/xbox_controller.dir/Middlewares/Third_Party/FreeRTOS/Source/queue.c.obj
 .debug_frame   0x000052d0      0x77c CMakeFiles/xbox_controller.dir/Middlewares/Third_Party/FreeRTOS/Source/tasks.c.obj
 .debug_frame   0x00005a4c      0x1e0 CMakeFiles/xbox_controller.dir/Module/UI/UI.c.obj
 .debug_frame   0x00005c2c       0xf4 CMakeFiles/xbox_controller.dir/Module/code/code.c.obj
 .debug_frame   0x00005d20       0x74 CMakeFiles/xbox_controller.dir/Module/joy/joy.c.obj
 .debug_frame   0x00005d94       0xa8 CMakeFiles/xbox_controller.dir/Module/keyboard/key.c.obj
 .debug_frame   0x00005e3c      0x32c CMakeFiles/xbox_controller.dir/Module/lcd/GUI.c.obj
 .debug_frame   0x00006168      0x1d0 CMakeFiles/xbox_controller.dir/Module/lcd/lcd.c.obj
 .debug_frame   0x00006338       0x30 d:/gnuarm~1/102021~1.10/bin/../lib/gcc/arm-none-eabi/10.3.1/thumb/v7e-m+fp/hard\libgcc.a(_arm_muldf3.o)
 .debug_frame   0x00006368       0xac d:/gnuarm~1/102021~1.10/bin/../lib/gcc/arm-none-eabi/10.3.1/thumb/v7e-m+fp/hard\libgcc.a(_arm_addsubdf3.o)
 .debug_frame   0x00006414       0x24 d:/gnuarm~1/102021~1.10/bin/../lib/gcc/arm-none-eabi/10.3.1/thumb/v7e-m+fp/hard\libgcc.a(_arm_fixdfsi.o)
 .debug_frame   0x00006438       0x2c d:/gnuarm~1/102021~1.10/bin/../lib/gcc/arm-none-eabi/10.3.1/thumb/v7e-m+fp/hard\libgcc.a(_aeabi_uldivmod.o)
 .debug_frame   0x00006464       0x34 d:/gnuarm~1/102021~1.10/bin/../lib/gcc/arm-none-eabi/10.3.1/thumb/v7e-m+fp/hard\libgcc.a(_udivmoddi4.o)
 .debug_frame   0x00006498       0x28 d:/gnuarm~1/102021~1.10/bin/../lib/gcc/arm-none-eabi/10.3.1/../../../../arm-none-eabi/lib/thumb/v7e-m+fp/hard\libg_nano.a(lib_a-memcpy-stub.o)

.debug_info     0x00000000    0x1ce4c
 .debug_info    0x00000000      0x1de CMakeFiles/xbox_controller.dir/App/data_pool.c.obj
 .debug_info    0x000001de     0x11e9 CMakeFiles/xbox_controller.dir/App/xbox.c.obj
 .debug_info    0x000013c7      0x9b4 CMakeFiles/xbox_controller.dir/Core/Src/adc.c.obj
 .debug_info    0x00001d7b      0x49e CMakeFiles/xbox_controller.dir/Core/Src/dma.c.obj
 .debug_info    0x00002219      0x420 CMakeFiles/xbox_controller.dir/Core/Src/freertos.c.obj
 .debug_info    0x00002639      0x443 CMakeFiles/xbox_controller.dir/Core/Src/gpio.c.obj
 .debug_info    0x00002a7c      0xabb CMakeFiles/xbox_controller.dir/Core/Src/main.c.obj
 .debug_info    0x00003537      0xa1b CMakeFiles/xbox_controller.dir/Core/Src/spi.c.obj
 .debug_info    0x00003f52      0x4bb CMakeFiles/xbox_controller.dir/Core/Src/stm32f4xx_hal_msp.c.obj
 .debug_info    0x0000440d      0xb98 CMakeFiles/xbox_controller.dir/Core/Src/stm32f4xx_hal_timebase_tim.c.obj
 .debug_info    0x00004fa5      0xa24 CMakeFiles/xbox_controller.dir/Core/Src/stm32f4xx_it.c.obj
 .debug_info    0x000059c9      0x523 CMakeFiles/xbox_controller.dir/Core/Src/system_stm32f4xx.c.obj
 .debug_info    0x00005eec      0x977 CMakeFiles/xbox_controller.dir/Core/Src/tim.c.obj
 .debug_info    0x00006863      0xbad CMakeFiles/xbox_controller.dir/Core/Src/usart.c.obj
 .debug_info    0x00007410      0x917 CMakeFiles/xbox_controller.dir/Drivers/STM32F4xx_HAL_Driver/Src/stm32f4xx_hal.c.obj
 .debug_info    0x00007d27      0xd14 CMakeFiles/xbox_controller.dir/Drivers/STM32F4xx_HAL_Driver/Src/stm32f4xx_hal_adc.c.obj
 .debug_info    0x00008a3b      0xe51 CMakeFiles/xbox_controller.dir/Drivers/STM32F4xx_HAL_Driver/Src/stm32f4xx_hal_cortex.c.obj
 .debug_info    0x0000988c      0x943 CMakeFiles/xbox_controller.dir/Drivers/STM32F4xx_HAL_Driver/Src/stm32f4xx_hal_dma.c.obj
 .debug_info    0x0000a1cf      0x76a CMakeFiles/xbox_controller.dir/Drivers/STM32F4xx_HAL_Driver/Src/stm32f4xx_hal_gpio.c.obj
 .debug_info    0x0000a939      0x921 CMakeFiles/xbox_controller.dir/Drivers/STM32F4xx_HAL_Driver/Src/stm32f4xx_hal_rcc.c.obj
 .debug_info    0x0000b25a     0x1609 CMakeFiles/xbox_controller.dir/Drivers/STM32F4xx_HAL_Driver/Src/stm32f4xx_hal_spi.c.obj
 .debug_info    0x0000c863     0x2b8e CMakeFiles/xbox_controller.dir/Drivers/STM32F4xx_HAL_Driver/Src/stm32f4xx_hal_tim.c.obj
 .debug_info    0x0000f3f1     0x14db CMakeFiles/xbox_controller.dir/Drivers/STM32F4xx_HAL_Driver/Src/stm32f4xx_hal_tim_ex.c.obj
 .debug_info    0x000108cc     0x30c0 CMakeFiles/xbox_controller.dir/Drivers/STM32F4xx_HAL_Driver/Src/stm32f4xx_hal_uart.c.obj
 .debug_info    0x0001398c     0x179d CMakeFiles/xbox_controller.dir/Middlewares/Third_Party/FreeRTOS/Source/CMSIS_RTOS/cmsis_os.c.obj
 .debug_info    0x00015129      0x2d1 CMakeFiles/xbox_controller.dir/Middlewares/Third_Party/FreeRTOS/Source/list.c.obj
 .debug_info    0x000153fa      0x4f1 CMakeFiles/xbox_controller.dir/Middlewares/Third_Party/FreeRTOS/Source/portable/GCC/ARM_CM4F/port.c.obj
 .debug_info    0x000158eb      0x4d9 CMakeFiles/xbox_controller.dir/Middlewares/Third_Party/FreeRTOS/Source/portable/MemMang/heap_4.c.obj
 .debug_info    0x00015dc4     0x1756 CMakeFiles/xbox_controller.dir/Middlewares/Third_Party/FreeRTOS/Source/queue.c.obj
 .debug_info    0x0001751a     0x1cd5 CMakeFiles/xbox_controller.dir/Middlewares/Third_Party/FreeRTOS/Source/tasks.c.obj
 .debug_info    0x000191ef      0x8f5 CMakeFiles/xbox_controller.dir/Module/UI/UI.c.obj
 .debug_info    0x00019ae4      0xcab CMakeFiles/xbox_controller.dir/Module/code/code.c.obj
 .debug_info    0x0001a78f      0x6e1 CMakeFiles/xbox_controller.dir/Module/joy/joy.c.obj
 .debug_info    0x0001ae70      0x4e3 CMakeFiles/xbox_controller.dir/Module/keyboard/key.c.obj
 .debug_info    0x0001b353      0xe99 CMakeFiles/xbox_controller.dir/Module/lcd/GUI.c.obj